<html>
<body>
<pre>
<h1>µVision Build Log</h1>
<h2>Tool Versions:</h2>
IDE-Version: µVision V5.27.1.0
Copyright (C) 2019 ARM Ltd and ARM Germany GmbH. All rights reserved.
License Information: Emily Cebasek, HP Inc., LIC=----
 
Tool Versions:
Toolchain:       MDK-Lite  Version: 5.27.1.0
Toolchain Path:  C:\Keil_v5\ARM\ARMCC\Bin
C Compiler:      Armcc.exe V5.06 update 6 (build 750)
Assembler:       Armasm.exe V5.06 update 6 (build 750)
Linker/Locator:  ArmLink.exe V5.06 update 6 (build 750)
Library Manager: ArmAr.exe V5.06 update 6 (build 750)
Hex Converter:   FromElf.exe V5.06 update 6 (build 750)
CPU DLL:         SARMCM3.DLL V5.27.1.0
Dialog DLL:      DCM.DLL V1.17.2.0
Target DLL:      lmidk-agdi.dll V???
Dialog DLL:      TCM.DLL V1.36.1.0
 
<h2>Project:</h2>
C:\! ECE 353\FINAL PROJECT\ECE353-Project\Project\Project.uvprojx
Project File Date:  05/03/2020

<h2>Output:</h2>
*** Using Compiler 'V5.06 update 6 (build 750)', folder: 'C:\Keil_v5\ARM\ARMCC\Bin'
Rebuild target 'Project-F19'
compiling project_images.c...
compiling adc.c...
..\drivers\c\adc.c(54): warning:  #188-D: enumerated type mixed with another type
         return ADC0SS0_IRQn + ss_num;
..\drivers\c\adc.c(58): warning:  #188-D: enumerated type mixed with another type
         return ADC1SS0_IRQn + ss_num;
..\drivers\c\adc.c(62): warning:  #188-D: enumerated type mixed with another type
         return 0;
..\drivers\c\adc.c(29): warning:  #177-D: function "verify_base_addr"  was declared but never referenced
  static bool verify_base_addr(uint32_t baseAddr)
..\drivers\c\adc.c: 4 warnings, 0 errors
compiling main.c...
compiling project_hardware_init.c...
compiling project_interrupts.c...
project_interrupts.c(33): warning:  #550-D: variable "reg"  was set but never used
  	uint8_t reg;
project_interrupts.c: 1 warning, 0 errors
compiling io_expander.c...
io_expander.c(15): warning:  #550-D: variable "readReg"  was set but never used
  	uint8_t readReg; //temp variable used when clearing interrupts 
io_expander.c(94): warning:  #940-D: missing return statement at end of non-void function "io_expander_init" 
  }
io_expander.c(126): warning:  #550-D: variable "status"  was set but never used
  	i2c_status_t status; //just so we can set when we get byte
io_expander.c: 3 warnings, 0 errors
compiling gpio_port.c...
..\drivers\c\gpio_port.c(82): warning:  #188-D: enumerated type mixed with another type
         return 0;
..\drivers\c\gpio_port.c: 1 warning, 0 errors
compiling project.c...
project.c(536): warning:  #177-D: variable "i"  was declared but never referenced
  	int i;
project.c(606): warning:  #111-D: statement is unreachable
  		return s;
project.c(608): warning:  #940-D: missing return statement at end of non-void function "update_speed" 
  }
project.c: 3 warnings, 0 errors
compiling pc_buffer.c...
compiling i2c.c...
compiling spi.c...
compiling uart.c...
..\drivers\c\uart.c(184): warning:  #188-D: enumerated type mixed with another type
         return 0;
..\drivers\c\uart.c(275): warning:  #550-D: variable "rcgc_mask"  was set but never used
      uint32_t rcgc_mask;
..\drivers\c\uart.c: 2 warnings, 0 errors
compiling timers.c...
..\drivers\c\timers.c(60): warning:  #188-D: enumerated type mixed with another type
         return 0;
..\drivers\c\timers.c: 1 warning, 0 errors
compiling gptimer.c...
compiling eeprom.c...
compiling accel.c...
..\peripherals\c\accel.c(10): warning:  #177-D: function "accel_CSN_low"  was declared but never referenced
  static __INLINE void  accel_CSN_low(void)
..\peripherals\c\accel.c(18): warning:  #177-D: function "accel_CSN_high"  was declared but never referenced
  static __INLINE void  accel_CSN_high(void)
..\peripherals\c\accel.c: 2 warnings, 0 errors
compiling ft6x06.c...
assembling ws2812b.s...
assembling startup_TM4C123.s...
compiling launchpad_io.c...
compiling ps2.c...
compiling serial_debug.c...
..\peripherals\c\serial_debug.c(195): warning:  #177-D: variable "uart_base"  was declared but never referenced
     uint32_t uart_base;
..\peripherals\c\serial_debug.c(196): warning:  #177-D: variable "tx_buffer"  was declared but never referenced
     PC_Buffer *tx_buffer;
..\peripherals\c\serial_debug.c: 2 warnings, 0 errors
compiling spi_select.c...
compiling lcd.c...
compiling system_TM4C123.c...
linking...
Program Size: Code=15248 RO-data=7116 RW-data=684 ZI-data=4124  
".\obj\ece353_base_project.axf" - 0 Error(s), 19 Warning(s).

<h2>Software Packages used:</h2>

Package Vendor: ARM
                http://www.keil.com/pack/ARM.CMSIS.5.5.1.pack
                ARM.CMSIS.5.5.1
                CMSIS (Cortex Microcontroller Software Interface Standard)
   * Component: CORE Version: 5.2.0

Package Vendor: Keil
                http://www.keil.com/pack/Keil.TM4C_DFP.1.1.0.pack
                Keil.TM4C_DFP.1.1.0
                Texas Instruments Tiva C Series Device Support and Examples
   * Component: Startup Version: 1.0.1

<h2>Collection of Component include folders:</h2>
  .\RTE\_Project-F19
  C:\Users\Emily\AppData\Local\Arm\Packs\ARM\CMSIS\5.5.1\CMSIS\Core\Include
  C:\Users\Emily\AppData\Local\Arm\Packs\Keil\TM4C_DFP\1.1.0\Device\Include\TM4C123

<h2>Collection of Component Files used:</h2>

   * Component: ARM::CMSIS:CORE:5.2.0

   * Component: Keil::Device:Startup:1.0.1
      Source file:   Device\Source\system_TM4C123.c
      Include file:  Device\Include\TM4C123\TM4C123.h
      Source file:   Device\Source\ARM\startup_TM4C123.s
Build Time Elapsed:  00:00:02
</pre>
</body>
</html>
