Component: ARM Compiler 5.06 update 6 (build 750) Tool: armlink [4d35ed]

==============================================================================

Section Cross References

    main.o(.text) refers to project_hardware_init.o(.text) for init_hardware
    main.o(.text) refers to project.o(.text) for print_welcome
    main.o(.text) refers to eeprom.o(.text) for eeprom_byte_read
    main.o(.text) refers to project.o(.data) for HIGH_SCORE
    main.o(.text) refers to main.o(.data) for CUR_SCORE
    project_hardware_init.o(.text) refers to main.o(.text) for DisableInterrupts
    project_hardware_init.o(.text) refers to serial_debug.o(.text) for init_serial_debug
    project_hardware_init.o(.text) refers to launchpad_io.o(.text) for lp_io_init
    project_hardware_init.o(.text) refers to lcd.o(.text) for lcd_config_gpio
    project_hardware_init.o(.text) refers to ps2.o(.text) for ps2_initialize
    project_hardware_init.o(.text) refers to io_expander.o(.text) for io_expander_init
    project_hardware_init.o(.text) refers to eeprom.o(.text) for eeprom_init
    project_hardware_init.o(.text) refers to timers.o(.text) for gp_timer_config_32
    project_hardware_init.o(.text) refers to ft6x06.o(.text) for ft6x06_init
    project_interrupts.o(.text) refers to launchpad_io.o(.text) for lp_io_set_pin
    project_interrupts.o(.text) refers to serial_debug.o(.text) for fgetcNB
    project_interrupts.o(.text) refers to printf1.o(i.__0printf$1) for __2printf
    project_interrupts.o(.text) refers to project.o(.text) for move_bear
    project_interrupts.o(.text) refers to project_interrupts.o(.data) for PS2_X_DATA
    project_interrupts.o(.text) refers to main.o(.data) for BLINK_LAUNCHPAD_LED
    project_interrupts.o(.text) refers to project.o(.data) for HIGH_SCORE
    project_interrupts.o(.text) refers to stdin.o(.data) for __stdin
    project.o(.text) refers to memcpya.o(.text) for __aeabi_memcpy4
    project.o(.text) refers to strlen.o(.text) for strlen
    project.o(.text) refers to lcd.o(.text) for lcd_clear_screen
    project.o(.text) refers to ft6x06.o(.text) for ft6x06_read_td_status
    project.o(.text) refers to malloc.o(i.malloc) for malloc
    project.o(.text) refers to project.o(.conststring) for .conststring
    project.o(.text) refers to project_images.o(.constdata) for lucidaCalligraphy_12ptDescriptors
    project.o(.text) refers to project.o(.data) for HIGH_SCORE
    project.o(.text) refers to printf1.o(i.__0snprintf$1) for __2snprintf
    project.o(.text) refers to malloc.o(i.free) for free
    project.o(.text) refers to dfltui.o(.text) for __aeabi_ui2d
    project.o(.text) refers to dadd.o(.text) for __aeabi_dsub
    project.o(.text) refers to dfixui.o(.text) for __aeabi_d2uiz
    project.o(.text) refers to rand.o(.text) for rand
    project.o(.text) refers to main.o(.data) for CUR_SCORE
    project.o(.text) refers to project_images.o(.data) for stumpWidthPixels
    project.o(.text) refers to project_interrupts.o(.data) for PS2_DIR
    project.o(.text) refers to io_expander.o(.text) for io_expander_debounce
    io_expander.o(.text) refers to i2c.o(.text) for i2cSetSlaveAddr
    io_expander.o(.text) refers to gpio_port.o(.text) for gpio_enable_port
    io_expander.o(.text) refers to launchpad_io.o(.text) for lp_io_read_pin
    io_expander.o(.text) refers to project.o(.data) for BUTTON_PRESSED
    gpio_port.o(.text) refers to printf1.o(i.__0printf$1) for __2printf
    pc_buffer.o(.text) refers to malloc.o(i.malloc) for malloc
    accel.o(.text) refers to spi_select.o(.text) for spi_select_init
    accel.o(.text) refers to gpio_port.o(.text) for gpio_enable_port
    accel.o(.text) refers to spi.o(.text) for initialize_spi
    eeprom.o(.text) refers to i2c.o(.text) for i2cVerifyBaseAddr
    eeprom.o(.text) refers to gpio_port.o(.text) for gpio_enable_port
    ft6x06.o(.text) refers to i2c.o(.text) for I2CMasterBusy
    ft6x06.o(.text) refers to gpio_port.o(.text) for gpio_enable_port
    lcd.o(.text) refers to gpio_port.o(.text) for gpio_enable_port
    ps2.o(.text) refers to gpio_port.o(.text) for gpio_enable_port
    ps2.o(.text) refers to adc.o(.text) for initialize_adc
    serial_debug.o(.text) refers to gpio_port.o(.text) for gpio_enable_port
    serial_debug.o(.text) refers to pc_buffer.o(.text) for pc_buffer_init
    serial_debug.o(.text) refers to uart.o(.text) for uart_init
    serial_debug.o(.text) refers to main.o(.text) for DisableInterrupts
    serial_debug.o(.text) refers to serial_debug.o(.data) for Rx_Interrupts_Enabled
    serial_debug.o(.text) refers to serial_debug.o(.bss) for UART0_Tx_Buffer
    serial_debug.o(.text) refers to stdout.o(.data) for __stdout
    spi_select.o(.text) refers to gpio_port.o(.text) for gpio_enable_port
    startup_tm4c123.o(RESET) refers to startup_tm4c123.o(STACK) for __initial_sp
    startup_tm4c123.o(RESET) refers to startup_tm4c123.o(.text) for Reset_Handler
    startup_tm4c123.o(RESET) refers to serial_debug.o(.text) for UART0_Handler
[...]
    printfb.o(i.__0printf$bare) refers to printfb.o(i._printf_core) for _printf_core
    printfb.o(i.__0printf$bare) refers to serial_debug.o(.text) for fputc
    printfb.o(i.__0printf$bare) refers to stdout.o(.data) for __stdout
    printfb.o(i.__0snprintf$bare) refers to printfb.o(i._printf_core) for _printf_core
    printfb.o(i.__0snprintf$bare) refers to printfb.o(i._snputc) for _snputc
    printfb.o(i.__0sprintf$bare) refers to printfb.o(i._printf_core) for _printf_core
    printfb.o(i.__0sprintf$bare) refers to printfb.o(i._sputc) for _sputc
    printfb.o(i.__0vfprintf$bare) refers to printfb.o(i._printf_core) for _printf_core
    printfb.o(i.__0vfprintf$bare) refers to serial_debug.o(.text) for fputc
    printfb.o(i.__0vprintf$bare) refers to printfb.o(i._printf_core) for _printf_core
    printfb.o(i.__0vprintf$bare) refers to serial_debug.o(.text) for fputc
    printfb.o(i.__0vprintf$bare) refers to stdout.o(.data) for __stdout
    printfb.o(i.__0vsnprintf$bare) refers to printfb.o(i._printf_core) for _printf_core
    printfb.o(i.__0vsnprintf$bare) refers to printfb.o(i._snputc) for _snputc
    printfb.o(i.__0vsprintf$bare) refers to printfb.o(i._printf_core) for _printf_core
    printfb.o(i.__0vsprintf$bare) refers to printfb.o(i._sputc) for _sputc
    printf0.o(i.__0fprintf$0) refers to printf0.o(i._printf_core) for _printf_core
    printf0.o(i.__0fprintf$0) refers to serial_debug.o(.text) for fputc
    printf0.o(i.__0printf$0) refers to printf0.o(i._printf_core) for _printf_core
    printf0.o(i.__0printf$0) refers to serial_debug.o(.text) for fputc
    printf0.o(i.__0printf$0) refers to stdout.o(.data) for __stdout
    printf0.o(i.__0snprintf$0) refers to printf0.o(i._printf_core) for _printf_core
    printf0.o(i.__0snprintf$0) refers to printf0.o(i._snputc) for _snputc
    printf0.o(i.__0sprintf$0) refers to printf0.o(i._printf_core) for _printf_core
    printf0.o(i.__0sprintf$0) refers to printf0.o(i._sputc) for _sputc
    printf0.o(i.__0vfprintf$0) refers to printf0.o(i._printf_core) for _printf_core
    printf0.o(i.__0vfprintf$0) refers to serial_debug.o(.text) for fputc
    printf0.o(i.__0vprintf$0) refers to printf0.o(i._printf_core) for _printf_core
    printf0.o(i.__0vprintf$0) refers to serial_debug.o(.text) for fputc
    printf0.o(i.__0vprintf$0) refers to stdout.o(.data) for __stdout
    printf0.o(i.__0vsnprintf$0) refers to printf0.o(i._printf_core) for _printf_core
    printf0.o(i.__0vsnprintf$0) refers to printf0.o(i._snputc) for _snputc
    printf0.o(i.__0vsprintf$0) refers to printf0.o(i._printf_core) for _printf_core
    printf0.o(i.__0vsprintf$0) refers to printf0.o(i._sputc) for _sputc
    printf1.o(i.__0fprintf$1) refers to printf1.o(i._printf_core) for _printf_core
    printf1.o(i.__0fprintf$1) refers to serial_debug.o(.text) for fputc
    printf1.o(i.__0printf$1) refers to printf1.o(i._printf_core) for _printf_core
    printf1.o(i.__0printf$1) refers to serial_debug.o(.text) for fputc
    printf1.o(i.__0printf$1) refers to stdout.o(.data) for __stdout
    printf1.o(i.__0snprintf$1) refers to printf1.o(i._printf_core) for _printf_core
    printf1.o(i.__0snprintf$1) refers to printf1.o(i._snputc) for _snputc
    printf1.o(i.__0sprintf$1) refers to printf1.o(i._printf_core) for _printf_core
    printf1.o(i.__0sprintf$1) refers to printf1.o(i._sputc) for _sputc
    printf1.o(i.__0vfprintf$1) refers to printf1.o(i._printf_core) for _printf_core
    printf1.o(i.__0vfprintf$1) refers to serial_debug.o(.text) for fputc
    printf1.o(i.__0vprintf$1) refers to printf1.o(i._printf_core) for _printf_core
    printf1.o(i.__0vprintf$1) refers to serial_debug.o(.text) for fputc
    printf1.o(i.__0vprintf$1) refers to stdout.o(.data) for __stdout
    printf1.o(i.__0vsnprintf$1) refers to printf1.o(i._printf_core) for _printf_core
    printf1.o(i.__0vsnprintf$1) refers to printf1.o(i._snputc) for _snputc
    printf1.o(i.__0vsprintf$1) refers to printf1.o(i._printf_core) for _printf_core
    printf1.o(i.__0vsprintf$1) refers to printf1.o(i._sputc) for _sputc
    printf1.o(i._printf_core) refers to uidiv.o(.text) for __aeabi_uidivmod
    printf2.o(i.__0fprintf$2) refers to printf2.o(i._printf_core) for _printf_core
    printf2.o(i.__0fprintf$2) refers to serial_debug.o(.text) for fputc
    printf2.o(i.__0printf$2) refers to printf2.o(i._printf_core) for _printf_core
    printf2.o(i.__0printf$2) refers to serial_debug.o(.text) for fputc
    printf2.o(i.__0printf$2) refers to stdout.o(.data) for __stdout
    printf2.o(i.__0snprintf$2) refers to printf2.o(i._printf_core) for _printf_core
    printf2.o(i.__0snprintf$2) refers to printf2.o(i._snputc) for _snputc
    printf2.o(i.__0sprintf$2) refers to printf2.o(i._printf_core) for _printf_core
    printf2.o(i.__0sprintf$2) refers to printf2.o(i._sputc) for _sputc
    printf2.o(i.__0vfprintf$2) refers to printf2.o(i._printf_core) for _printf_core
    printf2.o(i.__0vfprintf$2) refers to serial_debug.o(.text) for fputc
    printf2.o(i.__0vprintf$2) refers to printf2.o(i._printf_core) for _printf_core
    printf2.o(i.__0vprintf$2) refers to serial_debug.o(.text) for fputc
    printf2.o(i.__0vprintf$2) refers to stdout.o(.data) for __stdout
    printf2.o(i.__0vsnprintf$2) refers to printf2.o(i._printf_core) for _printf_core
    printf2.o(i.__0vsnprintf$2) refers to printf2.o(i._snputc) for _snputc
    printf2.o(i.__0vsprintf$2) refers to printf2.o(i._printf_core) for _printf_core
    printf2.o(i.__0vsprintf$2) refers to printf2.o(i._sputc) for _sputc
    printf3.o(i.__0fprintf$3) refers to printf3.o(i._printf_core) for _printf_core
    printf3.o(i.__0fprintf$3) refers to serial_debug.o(.text) for fputc
    printf3.o(i.__0printf$3) refers to printf3.o(i._printf_core) for _printf_core
    printf3.o(i.__0printf$3) refers to serial_debug.o(.text) for fputc
    printf3.o(i.__0printf$3) refers to stdout.o(.data) for __stdout
    printf3.o(i.__0snprintf$3) refers to printf3.o(i._printf_core) for _printf_core
    printf3.o(i.__0snprintf$3) refers to printf3.o(i._snputc) for _snputc
    printf3.o(i.__0sprintf$3) refers to printf3.o(i._printf_core) for _printf_core
    printf3.o(i.__0sprintf$3) refers to printf3.o(i._sputc) for _sputc
    printf3.o(i.__0vfprintf$3) refers to printf3.o(i._printf_core) for _printf_core
    printf3.o(i.__0vfprintf$3) refers to serial_debug.o(.text) for fputc
    printf3.o(i.__0vprintf$3) refers to printf3.o(i._printf_core) for _printf_core
    printf3.o(i.__0vprintf$3) refers to serial_debug.o(.text) for fputc
    printf3.o(i.__0vprintf$3) refers to stdout.o(.data) for __stdout
    printf3.o(i.__0vsnprintf$3) refers to printf3.o(i._printf_core) for _printf_core
    printf3.o(i.__0vsnprintf$3) refers to printf3.o(i._snputc) for _snputc
    printf3.o(i.__0vsprintf$3) refers to printf3.o(i._printf_core) for _printf_core
    printf3.o(i.__0vsprintf$3) refers to printf3.o(i._sputc) for _sputc
    printf3.o(i._printf_core) refers to uidiv.o(.text) for __aeabi_uidivmod
    printf4.o(i.__0fprintf$4) refers to printf4.o(i._printf_core) for _printf_core
    printf4.o(i.__0fprintf$4) refers to serial_debug.o(.text) for fputc
    printf4.o(i.__0printf$4) refers to printf4.o(i._printf_core) for _printf_core
    printf4.o(i.__0printf$4) refers to serial_debug.o(.text) for fputc
    printf4.o(i.__0printf$4) refers to stdout.o(.data) for __stdout
    printf4.o(i.__0snprintf$4) refers to printf4.o(i._printf_core) for _printf_core
    printf4.o(i.__0snprintf$4) refers to printf4.o(i._snputc) for _snputc
    printf4.o(i.__0sprintf$4) refers to printf4.o(i._printf_core) for _printf_core
    printf4.o(i.__0sprintf$4) refers to printf4.o(i._sputc) for _sputc
    printf4.o(i.__0vfprintf$4) refers to printf4.o(i._printf_core) for _printf_core
    printf4.o(i.__0vfprintf$4) refers to serial_debug.o(.text) for fputc
    printf4.o(i.__0vprintf$4) refers to printf4.o(i._printf_core) for _printf_core
    printf4.o(i.__0vprintf$4) refers to serial_debug.o(.text) for fputc
    printf4.o(i.__0vprintf$4) refers to stdout.o(.data) for __stdout
    printf4.o(i.__0vsnprintf$4) refers to printf4.o(i._printf_core) for _printf_core
    printf4.o(i.__0vsnprintf$4) refers to printf4.o(i._snputc) for _snputc
    printf4.o(i.__0vsprintf$4) refers to printf4.o(i._printf_core) for _printf_core
    printf4.o(i.__0vsprintf$4) refers to printf4.o(i._sputc) for _sputc
    printf4.o(i._printf_core) refers to uldiv.o(.text) for __aeabi_uldivmod
    printf5.o(i.__0fprintf$5) refers to printf5.o(i._printf_core) for _printf_core
    printf5.o(i.__0fprintf$5) refers to serial_debug.o(.text) for fputc
    printf5.o(i.__0printf$5) refers to printf5.o(i._printf_core) for _printf_core
    printf5.o(i.__0printf$5) refers to serial_debug.o(.text) for fputc
    printf5.o(i.__0printf$5) refers to stdout.o(.data) for __stdout
    printf5.o(i.__0snprintf$5) refers to printf5.o(i._printf_core) for _printf_core
    printf5.o(i.__0snprintf$5) refers to printf5.o(i._snputc) for _snputc
    printf5.o(i.__0sprintf$5) refers to printf5.o(i._printf_core) for _printf_core
    printf5.o(i.__0sprintf$5) refers to printf5.o(i._sputc) for _sputc
    printf5.o(i.__0vfprintf$5) refers to printf5.o(i._printf_core) for _printf_core
    printf5.o(i.__0vfprintf$5) refers to serial_debug.o(.text) for fputc
    printf5.o(i.__0vprintf$5) refers to printf5.o(i._printf_core) for _printf_core
    printf5.o(i.__0vprintf$5) refers to serial_debug.o(.text) for fputc
    printf5.o(i.__0vprintf$5) refers to stdout.o(.data) for __stdout
    printf5.o(i.__0vsnprintf$5) refers to printf5.o(i._printf_core) for _printf_core
    printf5.o(i.__0vsnprintf$5) refers to printf5.o(i._snputc) for _snputc
    printf5.o(i.__0vsprintf$5) refers to printf5.o(i._printf_core) for _printf_core
    printf5.o(i.__0vsprintf$5) refers to printf5.o(i._sputc) for _sputc
    printf5.o(i._printf_core) refers to uldiv.o(.text) for __aeabi_uldivmod
    printf6.o(i.__0fprintf$6) refers to printf6.o(i._printf_core) for _printf_core
    printf6.o(i.__0fprintf$6) refers to serial_debug.o(.text) for fputc
    printf6.o(i.__0printf$6) refers to printf6.o(i._printf_core) for _printf_core
    printf6.o(i.__0printf$6) refers to serial_debug.o(.text) for fputc
    printf6.o(i.__0printf$6) refers to stdout.o(.data) for __stdout
    printf6.o(i.__0snprintf$6) refers to printf6.o(i._printf_core) for _printf_core
    printf6.o(i.__0snprintf$6) refers to printf6.o(i._snputc) for _snputc
    printf6.o(i.__0sprintf$6) refers to printf6.o(i._printf_core) for _printf_core
    printf6.o(i.__0sprintf$6) refers to printf6.o(i._sputc) for _sputc
    printf6.o(i.__0vfprintf$6) refers to printf6.o(i._printf_core) for _printf_core
    printf6.o(i.__0vfprintf$6) refers to serial_debug.o(.text) for fputc
    printf6.o(i.__0vprintf$6) refers to printf6.o(i._printf_core) for _printf_core
    printf6.o(i.__0vprintf$6) refers to serial_debug.o(.text) for fputc
    printf6.o(i.__0vprintf$6) refers to stdout.o(.data) for __stdout
    printf6.o(i.__0vsnprintf$6) refers to printf6.o(i._printf_core) for _printf_core
    printf6.o(i.__0vsnprintf$6) refers to printf6.o(i._snputc) for _snputc
    printf6.o(i.__0vsprintf$6) refers to printf6.o(i._printf_core) for _printf_core
    printf6.o(i.__0vsprintf$6) refers to printf6.o(i._sputc) for _sputc
    printf6.o(i._printf_core) refers to printf6.o(i._printf_pre_padding) for _printf_pre_padding
    printf6.o(i._printf_core) refers to uidiv.o(.text) for __aeabi_uidivmod
    printf6.o(i._printf_core) refers to printf6.o(i._printf_post_padding) for _printf_post_padding
    printf7.o(i.__0fprintf$7) refers to printf7.o(i._printf_core) for _printf_core
    printf7.o(i.__0fprintf$7) refers to serial_debug.o(.text) for fputc
    printf7.o(i.__0printf$7) refers to printf7.o(i._printf_core) for _printf_core
    printf7.o(i.__0printf$7) refers to serial_debug.o(.text) for fputc
    printf7.o(i.__0printf$7) refers to stdout.o(.data) for __stdout
    printf7.o(i.__0snprintf$7) refers to printf7.o(i._printf_core) for _printf_core
    printf7.o(i.__0snprintf$7) refers to printf7.o(i._snputc) for _snputc
    printf7.o(i.__0sprintf$7) refers to printf7.o(i._printf_core) for _printf_core
    printf7.o(i.__0sprintf$7) refers to printf7.o(i._sputc) for _sputc
    printf7.o(i.__0vfprintf$7) refers to printf7.o(i._printf_core) for _printf_core
    printf7.o(i.__0vfprintf$7) refers to serial_debug.o(.text) for fputc
    printf7.o(i.__0vprintf$7) refers to printf7.o(i._printf_core) for _printf_core
    printf7.o(i.__0vprintf$7) refers to serial_debug.o(.text) for fputc
    printf7.o(i.__0vprintf$7) refers to stdout.o(.data) for __stdout
    printf7.o(i.__0vsnprintf$7) refers to printf7.o(i._printf_core) for _printf_core
    printf7.o(i.__0vsnprintf$7) refers to printf7.o(i._snputc) for _snputc
    printf7.o(i.__0vsprintf$7) refers to printf7.o(i._printf_core) for _printf_core
    printf7.o(i.__0vsprintf$7) refers to printf7.o(i._sputc) for _sputc
    printf7.o(i._printf_core) refers to printf7.o(i._printf_pre_padding) for _printf_pre_padding
    printf7.o(i._printf_core) refers to uldiv.o(.text) for __aeabi_uldivmod
    printf7.o(i._printf_core) refers to printf7.o(i._printf_post_padding) for _printf_post_padding
    printf8.o(i.__0fprintf$8) refers to printf8.o(i._printf_core) for _printf_core
    printf8.o(i.__0fprintf$8) refers to serial_debug.o(.text) for fputc
    printf8.o(i.__0printf$8) refers to printf8.o(i._printf_core) for _printf_core
    printf8.o(i.__0printf$8) refers to serial_debug.o(.text) for fputc
    printf8.o(i.__0printf$8) refers to stdout.o(.data) for __stdout
    printf8.o(i.__0snprintf$8) refers to printf8.o(i._printf_core) for _printf_core
    printf8.o(i.__0snprintf$8) refers to printf8.o(i._snputc) for _snputc
    printf8.o(i.__0sprintf$8) refers to printf8.o(i._printf_core) for _printf_core
    printf8.o(i.__0sprintf$8) refers to printf8.o(i._sputc) for _sputc
    printf8.o(i.__0vfprintf$8) refers to printf8.o(i._printf_core) for _printf_core
    printf8.o(i.__0vfprintf$8) refers to serial_debug.o(.text) for fputc
    printf8.o(i.__0vprintf$8) refers to printf8.o(i._printf_core) for _printf_core
    printf8.o(i.__0vprintf$8) refers to serial_debug.o(.text) for fputc
    printf8.o(i.__0vprintf$8) refers to stdout.o(.data) for __stdout
    printf8.o(i.__0vsnprintf$8) refers to printf8.o(i._printf_core) for _printf_core
    printf8.o(i.__0vsnprintf$8) refers to printf8.o(i._snputc) for _snputc
    printf8.o(i.__0vsprintf$8) refers to printf8.o(i._printf_core) for _printf_core
    printf8.o(i.__0vsprintf$8) refers to printf8.o(i._sputc) for _sputc
    printf8.o(i._printf_core) refers to printf8.o(i._printf_pre_padding) for _printf_pre_padding
    printf8.o(i._printf_core) refers to uldiv.o(.text) for __aeabi_uldivmod
    printf8.o(i._printf_core) refers to printf8.o(i._printf_post_padding) for _printf_post_padding
    printfa.o(i.__0fprintf) refers (Special) to iusefp.o(.text) for __I$use$fp
    printfa.o(i.__0fprintf) refers to printfa.o(i._printf_core) for _printf_core
    printfa.o(i.__0fprintf) refers to serial_debug.o(.text) for fputc
    printfa.o(i.__0printf) refers (Special) to iusefp.o(.text) for __I$use$fp
    printfa.o(i.__0printf) refers to printfa.o(i._printf_core) for _printf_core
    printfa.o(i.__0printf) refers to serial_debug.o(.text) for fputc
    printfa.o(i.__0printf) refers to stdout.o(.data) for __stdout
    printfa.o(i.__0snprintf) refers (Special) to iusefp.o(.text) for __I$use$fp
    printfa.o(i.__0snprintf) refers to printfa.o(i._printf_core) for _printf_core
    printfa.o(i.__0snprintf) refers to printfa.o(i._snputc) for _snputc
    printfa.o(i.__0sprintf) refers (Special) to iusefp.o(.text) for __I$use$fp
    printfa.o(i.__0sprintf) refers to printfa.o(i._printf_core) for _printf_core
    printfa.o(i.__0sprintf) refers to printfa.o(i._sputc) for _sputc
    printfa.o(i.__0vfprintf) refers (Special) to iusefp.o(.text) for __I$use$fp
    printfa.o(i.__0vfprintf) refers to printfa.o(i._printf_core) for _printf_core
    printfa.o(i.__0vfprintf) refers to serial_debug.o(.text) for fputc
    printfa.o(i.__0vprintf) refers (Special) to iusefp.o(.text) for __I$use$fp
    printfa.o(i.__0vprintf) refers to printfa.o(i._printf_core) for _printf_core
    printfa.o(i.__0vprintf) refers to serial_debug.o(.text) for fputc
    printfa.o(i.__0vprintf) refers to stdout.o(.data) for __stdout
    printfa.o(i.__0vsnprintf) refers (Special) to iusefp.o(.text) for __I$use$fp
    printfa.o(i.__0vsnprintf) refers to printfa.o(i._printf_core) for _printf_core
    printfa.o(i.__0vsnprintf) refers to printfa.o(i._snputc) for _snputc
    printfa.o(i.__0vsprintf) refers (Special) to iusefp.o(.text) for __I$use$fp
    printfa.o(i.__0vsprintf) refers to printfa.o(i._printf_core) for _printf_core
    printfa.o(i.__0vsprintf) refers to printfa.o(i._sputc) for _sputc
    printfa.o(i._fp_digits) refers (Special) to iusefp.o(.text) for __I$use$fp
    printfa.o(i._fp_digits) refers to dmul.o(.text) for __aeabi_dmul
    printfa.o(i._fp_digits) refers to ddiv.o(.text) for __aeabi_ddiv
    printfa.o(i._fp_digits) refers to cdrcmple.o(.text) for __aeabi_cdrcmple
    printfa.o(i._fp_digits) refers to dadd.o(.text) for __aeabi_dadd
    printfa.o(i._fp_digits) refers to dfixul.o(.text) for __aeabi_d2ulz
    printfa.o(i._fp_digits) refers to uldiv.o(.text) for __aeabi_uldivmod
    printfa.o(i._printf_core) refers (Special) to iusefp.o(.text) for __I$use$fp
    printfa.o(i._printf_core) refers to printfa.o(i._printf_pre_padding) for _printf_pre_padding
    printfa.o(i._printf_core) refers to uldiv.o(.text) for __aeabi_uldivmod
    printfa.o(i._printf_core) refers to printfa.o(i._printf_post_padding) for _printf_post_padding
    printfa.o(i._printf_core) refers to printfa.o(i._fp_digits) for _fp_digits
    printfa.o(i._printf_core) refers to uidiv.o(.text) for __aeabi_uidivmod
    printfa.o(i._printf_post_padding) refers (Special) to iusefp.o(.text) for __I$use$fp
    printfa.o(i._printf_pre_padding) refers (Special) to iusefp.o(.text) for __I$use$fp
    printfa.o(i._snputc) refers (Special) to iusefp.o(.text) for __I$use$fp
    printfa.o(i._sputc) refers (Special) to iusefp.o(.text) for __I$use$fp
    malloc.o(i.free) refers to mvars.o(.data) for __microlib_freelist
    malloc.o(i.malloc) refers to mvars.o(.data) for __microlib_freelist_initialised
    malloc.o(i.malloc) refers to mvars.o(.data) for __microlib_freelist
    malloc.o(i.malloc) refers to startup_tm4c123.o(HEAP) for __heap_base
    mallocr.o(i.__free$realloc) refers to mvars.o(.data) for __microlib_freelist
    mallocr.o(i.__malloc$realloc) refers to mallocr.o(i.internal_alloc) for internal_alloc
    mallocr.o(i.__malloc$realloc) refers to mvars.o(.data) for __microlib_freelist_initialised
    mallocr.o(i.__malloc$realloc) refers to startup_tm4c123.o(HEAP) for __heap_base
    mallocr.o(i.__malloc$realloc) refers to mvars.o(.data) for __microlib_freelist
    mallocr.o(i.internal_alloc) refers to memcpya.o(.text) for __aeabi_memcpy
    mallocr.o(i.internal_alloc) refers to mvars.o(.data) for __microlib_freelist
    mallocr.o(i.realloc) refers to mallocr.o(i.__free$realloc) for __free$realloc
    mallocr.o(i.realloc) refers to mallocr.o(i.internal_alloc) for internal_alloc
    mallocr.o(i.realloc) refers to mallocr.o(i.__malloc$realloc) for __malloc$realloc
    mallocr.o(i.realloc) refers to mvars.o(.data) for __microlib_freelist
    malloca.o(i.__aligned_malloc) refers to mvars.o(.data) for __microlib_freelist_initialised
    malloca.o(i.__aligned_malloc) refers to mvars.o(.data) for __microlib_freelist
    malloca.o(i.__aligned_malloc) refers to startup_tm4c123.o(HEAP) for __heap_base
    malloca.o(i.__free$memalign) refers to mvars.o(.data) for __microlib_freelist
    malloca.o(i.__malloc$memalign) refers to malloca.o(i.__aligned_malloc) for __aligned_malloc
    mallocra.o(i.__aligned_malloc$realloc) refers to mallocra.o(i.internal_alloc) for internal_alloc
    mallocra.o(i.__aligned_malloc$realloc) refers to mvars.o(.data) for __microlib_freelist_initialised
    mallocra.o(i.__aligned_malloc$realloc) refers to startup_tm4c123.o(HEAP) for __heap_base
    mallocra.o(i.__aligned_malloc$realloc) refers to mvars.o(.data) for __microlib_freelist
    mallocra.o(i.__free$realloc$memalign) refers to mvars.o(.data) for __microlib_freelist
    mallocra.o(i.__malloc$realloc$memalign) refers to mallocra.o(i.__aligned_malloc$realloc) for __aligned_malloc$realloc
    mallocra.o(i.__realloc$memalign) refers to mallocra.o(i.__free$realloc$memalign) for __free$realloc$memalign
    mallocra.o(i.__realloc$memalign) refers to mallocra.o(i.internal_alloc) for internal_alloc
    mallocra.o(i.__realloc$memalign) refers to mallocra.o(i.__malloc$realloc$memalign) for __malloc$realloc$memalign
    mallocra.o(i.__realloc$memalign) refers to mvars.o(.data) for __microlib_freelist
    mallocra.o(i.internal_alloc) refers to memcpya.o(.text) for __aeabi_memcpy
    mallocra.o(i.internal_alloc) refers to mvars.o(.data) for __microlib_freelist
    dadd.o(.text) refers (Special) to iusefp.o(.text) for __I$use$fp
    dadd.o(.text) refers to llshl.o(.text) for __aeabi_llsl
    dadd.o(.text) refers to llsshr.o(.text) for __aeabi_lasr
    dadd.o(.text) refers to depilogue.o(.text) for _double_epilogue
    dfltui.o(.text) refers (Special) to iusefp.o(.text) for __I$use$fp
    dfltui.o(.text) refers to depilogue.o(.text) for _double_epilogue
    dfixui.o(.text) refers (Special) to iusefp.o(.text) for __I$use$fp
    dfixui.o(.text) refers to llushr.o(.text) for __aeabi_llsr
    entry2.o(.ARM.Collect$$$$00000001) refers to entry2.o(.ARM.Collect$$$$00002712) for __lit__00000000
    entry2.o(.ARM.Collect$$$$00002712) refers to startup_tm4c123.o(STACK) for __initial_sp
    entry2.o(__vectab_stack_and_reset_area) refers to startup_tm4c123.o(STACK) for __initial_sp
    entry2.o(__vectab_stack_and_reset_area) refers to entry.o(.ARM.Collect$$$$00000000) for __main
    entry5.o(.ARM.Collect$$$$00000004) refers to init.o(.text) for __scatterload
    entry9a.o(.ARM.Collect$$$$0000000B) refers to main.o(.text) for main
    entry9b.o(.ARM.Collect$$$$0000000C) refers to main.o(.text) for main
    uldiv.o(.text) refers to llushr.o(.text) for __aeabi_llsr
    uldiv.o(.text) refers to llshl.o(.text) for __aeabi_llsl
    depilogue.o(.text) refers to llshl.o(.text) for __aeabi_llsl
    depilogue.o(.text) refers to llushr.o(.text) for __aeabi_llsr
    dmul.o(.text) refers to depilogue.o(.text) for _double_epilogue
    ddiv.o(.text) refers to depilogue.o(.text) for _double_round
    dfixul.o(.text) refers to llushr.o(.text) for __aeabi_llsr
    dfixul.o(.text) refers to llshl.o(.text) for __aeabi_llsl
    init.o(.text) refers to entry5.o(.ARM.Collect$$$$00000004) for __main_after_scatterload


==============================================================================

Removing Unused input sections from the image.

    Removing main.o(.rev16_text), (4 bytes).
    Removing main.o(.revsh_text), (4 bytes).
    Removing main.o(.rrx_text), (6 bytes).
    Removing project_hardware_init.o(.rev16_text), (4 bytes).
    Removing project_hardware_init.o(.revsh_text), (4 bytes).
    Removing project_hardware_init.o(.rrx_text), (6 bytes).
    Removing project_interrupts.o(.rev16_text), (4 bytes).
    Removing project_interrupts.o(.revsh_text), (4 bytes).
    Removing project_interrupts.o(.rrx_text), (6 bytes).
    Removing project.o(.rev16_text), (4 bytes).
    Removing project.o(.revsh_text), (4 bytes).
    Removing project.o(.rrx_text), (6 bytes).
    Removing io_expander.o(.rev16_text), (4 bytes).
    Removing io_expander.o(.revsh_text), (4 bytes).
    Removing io_expander.o(.rrx_text), (6 bytes).
    Removing adc.o(.rev16_text), (4 bytes).
    Removing adc.o(.revsh_text), (4 bytes).
    Removing adc.o(.rrx_text), (6 bytes).
    Removing gpio_port.o(.rev16_text), (4 bytes).
    Removing gpio_port.o(.revsh_text), (4 bytes).
    Removing gpio_port.o(.rrx_text), (6 bytes).
    Removing i2c.o(.rev16_text), (4 bytes).
    Removing i2c.o(.revsh_text), (4 bytes).
    Removing i2c.o(.rrx_text), (6 bytes).
    Removing spi.o(.rev16_text), (4 bytes).
    Removing spi.o(.revsh_text), (4 bytes).
    Removing spi.o(.rrx_text), (6 bytes).
    Removing spi.o(.text), (352 bytes).
    Removing timers.o(.rev16_text), (4 bytes).
    Removing timers.o(.revsh_text), (4 bytes).
    Removing timers.o(.rrx_text), (6 bytes).
    Removing uart.o(.rev16_text), (4 bytes).
    Removing uart.o(.revsh_text), (4 bytes).
    Removing uart.o(.rrx_text), (6 bytes).
    Removing accel.o(.rev16_text), (4 bytes).
    Removing accel.o(.revsh_text), (4 bytes).
    Removing accel.o(.rrx_text), (6 bytes).
    Removing accel.o(.text), (224 bytes).
    Removing eeprom.o(.rev16_text), (4 bytes).
    Removing eeprom.o(.revsh_text), (4 bytes).
    Removing eeprom.o(.rrx_text), (6 bytes).
    Removing ft6x06.o(.rev16_text), (4 bytes).
    Removing ft6x06.o(.revsh_text), (4 bytes).
    Removing ft6x06.o(.rrx_text), (6 bytes).
    Removing launchpad_io.o(.rev16_text), (4 bytes).
    Removing launchpad_io.o(.revsh_text), (4 bytes).
    Removing launchpad_io.o(.rrx_text), (6 bytes).
    Removing lcd.o(.rev16_text), (4 bytes).
    Removing lcd.o(.revsh_text), (4 bytes).
    Removing lcd.o(.rrx_text), (6 bytes).
    Removing ps2.o(.rev16_text), (4 bytes).
    Removing ps2.o(.revsh_text), (4 bytes).
    Removing ps2.o(.rrx_text), (6 bytes).
    Removing serial_debug.o(.rev16_text), (4 bytes).
    Removing serial_debug.o(.revsh_text), (4 bytes).
    Removing serial_debug.o(.rrx_text), (6 bytes).
    Removing spi_select.o(.rev16_text), (4 bytes).
    Removing spi_select.o(.revsh_text), (4 bytes).
    Removing spi_select.o(.rrx_text), (6 bytes).
    Removing spi_select.o(.text), (164 bytes).
    Removing ws2812b.o(FLASH), (160 bytes).
    Removing system_tm4c123.o(.rev16_text), (4 bytes).
    Removing system_tm4c123.o(.revsh_text), (4 bytes).
    Removing system_tm4c123.o(.rrx_text), (6 bytes).
    Removing dmul.o(.text), (228 bytes).
    Removing ddiv.o(.text), (222 bytes).
    Removing dfixul.o(.text), (48 bytes).
    Removing cdrcmple.o(.text), (48 bytes).

68 unused section(s) (total 1726 bytes) removed from the image.

==============================================================================

Image Symbol Table

    Local Symbols

    Symbol Name                              Value     Ov Type        Size  Object(Section)

    RESET                                    0x00000000   Section      620  startup_tm4c123.o(RESET)
    ../clib/../cmprslib/zerorunl2.c          0x00000000   Number         0  __dczerorl2.o ABSOLUTE
    ../clib/microlib/division.c              0x00000000   Number         0  uidiv.o ABSOLUTE
    ../clib/microlib/division.c              0x00000000   Number         0  uldiv.o ABSOLUTE
    ../clib/microlib/init/entry.s            0x00000000   Number         0  entry11b.o ABSOLUTE
    ../clib/microlib/init/entry.s            0x00000000   Number         0  entry8b.o ABSOLUTE
    ../clib/microlib/init/entry.s            0x00000000   Number         0  entry.o ABSOLUTE
    ../clib/microlib/init/entry.s            0x00000000   Number         0  entry2.o ABSOLUTE
    ../clib/microlib/init/entry.s            0x00000000   Number         0  entry5.o ABSOLUTE
    ../clib/microlib/init/entry.s            0x00000000   Number         0  entry7a.o ABSOLUTE
    ../clib/microlib/init/entry.s            0x00000000   Number         0  entry7b.o ABSOLUTE
    ../clib/microlib/init/entry.s            0x00000000   Number         0  entry8a.o ABSOLUTE
    ../clib/microlib/init/entry.s            0x00000000   Number         0  entry9a.o ABSOLUTE
    ../clib/microlib/init/entry.s            0x00000000   Number         0  entry9b.o ABSOLUTE
    ../clib/microlib/init/entry.s            0x00000000   Number         0  entry10a.o ABSOLUTE
    ../clib/microlib/init/entry.s            0x00000000   Number         0  entry10b.o ABSOLUTE
    ../clib/microlib/init/entry.s            0x00000000   Number         0  entry11a.o ABSOLUTE
    ../clib/microlib/longlong.c              0x00000000   Number         0  llshl.o ABSOLUTE
    ../clib/microlib/longlong.c              0x00000000   Number         0  llushr.o ABSOLUTE
    ../clib/microlib/longlong.c              0x00000000   Number         0  llsshr.o ABSOLUTE
    ../clib/microlib/malloc/malloc.c         0x00000000   Number         0  malloc.o ABSOLUTE
    ../clib/microlib/malloc/malloc.c         0x00000000   Number         0  mallocra.o ABSOLUTE
    ../clib/microlib/malloc/malloc.c         0x00000000   Number         0  malloca.o ABSOLUTE
    ../clib/microlib/malloc/malloc.c         0x00000000   Number         0  mallocr.o ABSOLUTE
    ../clib/microlib/malloc/mvars.c          0x00000000   Number         0  mvars.o ABSOLUTE
    ../clib/microlib/printf/printf.c         0x00000000   Number         0  printfb.o ABSOLUTE
    ../clib/microlib/printf/printf.c         0x00000000   Number         0  printf3.o ABSOLUTE
    ../clib/microlib/printf/printf.c         0x00000000   Number         0  printfa.o ABSOLUTE
    ../clib/microlib/printf/printf.c         0x00000000   Number         0  printf8.o ABSOLUTE
    ../clib/microlib/printf/printf.c         0x00000000   Number         0  printf0.o ABSOLUTE
    ../clib/microlib/printf/printf.c         0x00000000   Number         0  printf1.o ABSOLUTE
    ../clib/microlib/printf/printf.c         0x00000000   Number         0  printf4.o ABSOLUTE
    ../clib/microlib/printf/printf.c         0x00000000   Number         0  printf2.o ABSOLUTE
    ../clib/microlib/printf/printf.c         0x00000000   Number         0  printf5.o ABSOLUTE
    ../clib/microlib/printf/printf.c         0x00000000   Number         0  printf6.o ABSOLUTE
    ../clib/microlib/printf/printf.c         0x00000000   Number         0  printf7.o ABSOLUTE
    ../clib/microlib/printf/stubs.s          0x00000000   Number         0  stubs.o ABSOLUTE
    ../clib/microlib/stdio/streams.c         0x00000000   Number         0  stdin.o ABSOLUTE
    ../clib/microlib/stdio/streams.c         0x00000000   Number         0  stdout.o ABSOLUTE
    ../clib/microlib/stdlib/rand.c           0x00000000   Number         0  rand.o ABSOLUTE
    ../clib/microlib/string/memcpy.c         0x00000000   Number         0  memcpyb.o ABSOLUTE
    ../clib/microlib/string/memcpy.c         0x00000000   Number         0  memcpya.o ABSOLUTE
    ../clib/microlib/string/strlen.c         0x00000000   Number         0  strlen.o ABSOLUTE
    ../clib/microlib/stubs.s                 0x00000000   Number         0  iusefp.o ABSOLUTE
    ../fplib/microlib/fpadd.c                0x00000000   Number         0  dadd.o ABSOLUTE
    ../fplib/microlib/fpdiv.c                0x00000000   Number         0  ddiv.o ABSOLUTE
    ../fplib/microlib/fpepilogue.c           0x00000000   Number         0  depilogue.o ABSOLUTE
    ../fplib/microlib/fpfix.c                0x00000000   Number         0  dfixul.o ABSOLUTE
    ../fplib/microlib/fpfix.c                0x00000000   Number         0  dfixui.o ABSOLUTE
    ../fplib/microlib/fpflt.c                0x00000000   Number         0  dfltui.o ABSOLUTE
    ../fplib/microlib/fpmul.c                0x00000000   Number         0  dmul.o ABSOLUTE
    ..\\drivers\\c\\adc.c                    0x00000000   Number         0  adc.o ABSOLUTE
    ..\\drivers\\c\\gpio_port.c              0x00000000   Number         0  gpio_port.o ABSOLUTE
    ..\\drivers\\c\\i2c.c                    0x00000000   Number         0  i2c.o ABSOLUTE
    ..\\drivers\\c\\spi.c                    0x00000000   Number         0  spi.o ABSOLUTE
    ..\\drivers\\c\\timers.c                 0x00000000   Number         0  timers.o ABSOLUTE
    ..\\drivers\\c\\uart.c                   0x00000000   Number         0  uart.o ABSOLUTE
    ..\\peripherals\\c\\accel.c              0x00000000   Number         0  accel.o ABSOLUTE
    ..\\peripherals\\c\\eeprom.c             0x00000000   Number         0  eeprom.o ABSOLUTE
    ..\\peripherals\\c\\ft6x06.c             0x00000000   Number         0  ft6x06.o ABSOLUTE
    ..\\peripherals\\c\\launchpad_io.c       0x00000000   Number         0  launchpad_io.o ABSOLUTE
    ..\\peripherals\\c\\lcd.c                0x00000000   Number         0  lcd.o ABSOLUTE
    ..\\peripherals\\c\\ps2.c                0x00000000   Number         0  ps2.o ABSOLUTE
    ..\\peripherals\\c\\serial_debug.c       0x00000000   Number         0  serial_debug.o ABSOLUTE
    ..\\peripherals\\c\\spi_select.c         0x00000000   Number         0  spi_select.o ABSOLUTE
    ..\drivers\c\adc.c                       0x00000000   Number         0  adc.o ABSOLUTE
    ..\drivers\c\gpio_port.c                 0x00000000   Number         0  gpio_port.o ABSOLUTE
    ..\drivers\c\i2c.c                       0x00000000   Number         0  i2c.o ABSOLUTE
    ..\drivers\c\pc_buffer.c                 0x00000000   Number         0  pc_buffer.o ABSOLUTE
    ..\drivers\c\spi.c                       0x00000000   Number         0  spi.o ABSOLUTE
    ..\drivers\c\timers.c                    0x00000000   Number         0  timers.o ABSOLUTE
    ..\drivers\c\uart.c                      0x00000000   Number         0  uart.o ABSOLUTE
    ..\peripherals\c\accel.c                 0x00000000   Number         0  accel.o ABSOLUTE
    ..\peripherals\c\eeprom.c                0x00000000   Number         0  eeprom.o ABSOLUTE
    ..\peripherals\c\ft6x06.c                0x00000000   Number         0  ft6x06.o ABSOLUTE
    ..\peripherals\c\launchpad_io.c          0x00000000   Number         0  launchpad_io.o ABSOLUTE
    ..\peripherals\c\lcd.c                   0x00000000   Number         0  lcd.o ABSOLUTE
    ..\peripherals\c\ps2.c                   0x00000000   Number         0  ps2.o ABSOLUTE
    ..\peripherals\c\serial_debug.c          0x00000000   Number         0  serial_debug.o ABSOLUTE
    ..\peripherals\c\spi_select.c            0x00000000   Number         0  spi_select.o ABSOLUTE
    ..\peripherals\c\ws2812b.s               0x00000000   Number         0  ws2812b.o ABSOLUTE
    RTE\Device\TM4C123GH6PM\startup_TM4C123.s 0x00000000   Number         0  startup_tm4c123.o ABSOLUTE
    RTE\Device\TM4C123GH6PM\system_TM4C123.c 0x00000000   Number         0  system_tm4c123.o ABSOLUTE
    RTE\\Device\\TM4C123GH6PM\\system_TM4C123.c 0x00000000   Number         0  system_tm4c123.o ABSOLUTE
    cdrcmple.s                               0x00000000   Number         0  cdrcmple.o ABSOLUTE
    dc.s                                     0x00000000   Number         0  dc.o ABSOLUTE
    handlers.s                               0x00000000   Number         0  handlers.o ABSOLUTE
    init.s                                   0x00000000   Number         0  init.o ABSOLUTE
    io_expander.c                            0x00000000   Number         0  io_expander.o ABSOLUTE
    io_expander.c                            0x00000000   Number         0  io_expander.o ABSOLUTE
    main.c                                   0x00000000   Number         0  main.o ABSOLUTE
    main.c                                   0x00000000   Number         0  main.o ABSOLUTE
    project.c                                0x00000000   Number         0  project.o ABSOLUTE
    project.c                                0x00000000   Number         0  project.o ABSOLUTE
    project_hardware_init.c                  0x00000000   Number         0  project_hardware_init.o ABSOLUTE
    project_hardware_init.c                  0x00000000   Number         0  project_hardware_init.o ABSOLUTE
    project_images.c                         0x00000000   Number         0  project_images.o ABSOLUTE
    project_interrupts.c                     0x00000000   Number         0  project_interrupts.o ABSOLUTE
    project_interrupts.c                     0x00000000   Number         0  project_interrupts.o ABSOLUTE
    .ARM.Collect$$$$00000000                 0x0000026c   Section        0  entry.o(.ARM.Collect$$$$00000000)
    .ARM.Collect$$$$00000001                 0x0000026c   Section        4  entry2.o(.ARM.Collect$$$$00000001)
    .ARM.Collect$$$$00000004                 0x00000270   Section        4  entry5.o(.ARM.Collect$$$$00000004)
    .ARM.Collect$$$$00000008                 0x00000274   Section        0  entry7b.o(.ARM.Collect$$$$00000008)
    .ARM.Collect$$$$0000000A                 0x00000274   Section        0  entry8b.o(.ARM.Collect$$$$0000000A)
    .ARM.Collect$$$$0000000B                 0x00000274   Section        8  entry9a.o(.ARM.Collect$$$$0000000B)
    .ARM.Collect$$$$0000000D                 0x0000027c   Section        0  entry10a.o(.ARM.Collect$$$$0000000D)
    .ARM.Collect$$$$0000000F                 0x0000027c   Section        0  entry11a.o(.ARM.Collect$$$$0000000F)
    .ARM.Collect$$$$00002712                 0x0000027c   Section        4  entry2.o(.ARM.Collect$$$$00002712)
    __lit__00000000                          0x0000027c   Data           4  entry2.o(.ARM.Collect$$$$00002712)
    .text                                    0x00000280   Section        0  main.o(.text)
    .text                                    0x0000030c   Section        0  project_hardware_init.o(.text)
    .text                                    0x00000388   Section        0  project_interrupts.o(.text)
    .text                                    0x00000560   Section        0  project.o(.text)
    .text                                    0x00000ff0   Section        0  io_expander.o(.text)
    .text                                    0x00001200   Section        0  adc.o(.text)
    .text                                    0x000012b4   Section        0  gpio_port.o(.text)
    verify_base_addr                         0x000012b5   Thumb Code    64  gpio_port.o(.text)
    .text                                    0x00001620   Section        0  i2c.o(.text)
    .text                                    0x00001828   Section        0  pc_buffer.o(.text)
    .text                                    0x000018a4   Section        0  timers.o(.text)
    verify_base_addr                         0x000018a5   Thumb Code    64  timers.o(.text)
    get_clock_masks                          0x0000192f   Thumb Code   106  timers.o(.text)
    .text                                    0x00001ae4   Section        0  uart.o(.text)
    .text                                    0x00001d60   Section        0  eeprom.o(.text)
    eeprom_wait_for_write                    0x00001d61   Thumb Code    68  eeprom.o(.text)
    .text                                    0x00001f24   Section        0  ft6x06.o(.text)
    ft6x06_set_addr                          0x00001f25   Thumb Code    52  ft6x06.o(.text)
    ft6x06_read_data                         0x00001f59   Thumb Code    52  ft6x06.o(.text)
    .text                                    0x000020e8   Section        0  launchpad_io.o(.text)
    .text                                    0x000021ac   Section        0  lcd.o(.text)
    lcd_write_cmd_u8                         0x000021c7   Thumb Code    40  lcd.o(.text)
    lcd_write_data_u8                        0x000021ef   Thumb Code    28  lcd.o(.text)
    lcd_write_data_u16                       0x0000220b   Thumb Code    48  lcd.o(.text)
    .text                                    0x00002cf4   Section        0  ps2.o(.text)
    initialize_adc_gpio_pins                 0x00002cf5   Thumb Code    58  ps2.o(.text)
    .text                                    0x00002d64   Section        0  serial_debug.o(.text)
    .text                                    0x00002f90   Section      252  startup_tm4c123.o(.text)
    $v0                                      0x00002f90   Number         0  startup_tm4c123.o(.text)
    .text                                    0x0000308c   Section        0  system_tm4c123.o(.text)
    getOscClk                                0x0000308d   Thumb Code   182  system_tm4c123.o(.text)
    .text                                    0x000032dc   Section        0  rand.o(.text)
    .text                                    0x00003300   Section        0  memcpya.o(.text)
    .text                                    0x00003324   Section        0  strlen.o(.text)
    .text                                    0x00003332   Section        0  dadd.o(.text)
    .text                                    0x00003480   Section        0  dfltui.o(.text)
    .text                                    0x0000349a   Section        0  dfixui.o(.text)
    .text                                    0x000034cc   Section        0  uidiv.o(.text)
    .text                                    0x000034f8   Section        0  llshl.o(.text)
    .text                                    0x00003516   Section        0  llushr.o(.text)
    .text                                    0x00003536   Section        0  llsshr.o(.text)
    .text                                    0x0000355a   Section        0  depilogue.o(.text)
    .text                                    0x0000355a   Section        0  iusefp.o(.text)
    .text                                    0x00003614   Section       36  init.o(.text)
    .text                                    0x00003638   Section        0  __dczerorl2.o(.text)
    i.__0printf$1                            0x00003690   Section        0  printf1.o(i.__0printf$1)
    i.__0snprintf$1                          0x000036b0   Section        0  printf1.o(i.__0snprintf$1)
    i.__scatterload_copy                     0x000036e0   Section       14  handlers.o(i.__scatterload_copy)
    i.__scatterload_null                     0x000036ee   Section        2  handlers.o(i.__scatterload_null)
    i.__scatterload_zeroinit                 0x000036f0   Section       14  handlers.o(i.__scatterload_zeroinit)
    i._printf_core                           0x00003700   Section        0  printf1.o(i._printf_core)
    _printf_core                             0x00003701   Thumb Code   336  printf1.o(i._printf_core)
    i._snputc                                0x00003854   Section        0  printf1.o(i._snputc)
    _snputc                                  0x00003855   Thumb Code    22  printf1.o(i._snputc)
    i.free                                   0x0000386c   Section        0  malloc.o(i.free)
    i.malloc                                 0x000038bc   Section        0  malloc.o(i.malloc)
    .constdata                               0x00003928   Section     4404  project_images.o(.constdata)
    .conststring                             0x00004a5c   Section      140  project.o(.conststring)
    .data                                    0x20000000   Section        4  main.o(.data)
    .data                                    0x20000004   Section        5  project_interrupts.o(.data)
    .data                                    0x20000009   Section      631  project_images.o(.data)
    .data                                    0x20000280   Section       29  project.o(.data)
    .data                                    0x2000029d   Section        2  serial_debug.o(.data)
    Rx_Interrupts_Enabled                    0x2000029d   Data           1  serial_debug.o(.data)
    Tx_Interrupts_Enabled                    0x2000029e   Data           1  serial_debug.o(.data)
    .data                                    0x200002a0   Section        4  system_tm4c123.o(.data)
    .data                                    0x200002a4   Section        4  stdin.o(.data)
    .data                                    0x200002a8   Section        4  stdout.o(.data)
    .data                                    0x200002ac   Section        4  rand.o(.data)
    _rand_state                              0x200002ac   Data           4  rand.o(.data)
    .data                                    0x200002b0   Section        4  mvars.o(.data)
    .data                                    0x200002b4   Section        4  mvars.o(.data)
    .bss                                     0x200002b8   Section       28  serial_debug.o(.bss)
    HEAP                                     0x200002d8   Section        0  startup_tm4c123.o(HEAP)
    STACK                                    0x200002d8   Section     4096  startup_tm4c123.o(STACK)

    Global Symbols

    Symbol Name                              Value     Ov Type        Size  Object(Section)

    BuildAttributes$$THM_ISAv4$E$P$D$K$B$S$7EM$VFPi3$EXTD16$VFPS$VFMA$PE$A:L22UL41UL21$X:L11$S22US41US21$IEEE1$IW$USESV6$~STKCKD$USESV7$~SHL$OSPACE$ROPI$EBA8$MICROLIB$REQ8$EABIv2 0x00000000   Number         0  anon$$obj.o ABSOLUTE
    __ARM_use_no_argv                        0x00000000   Number         0  main.o ABSOLUTE
    __Vectors                                0x00000000   Data           4  startup_tm4c123.o(RESET)
    _printf_a                                0x00000000   Number         0  stubs.o ABSOLUTE
    _printf_c                                0x00000000   Number         0  stubs.o ABSOLUTE
    _printf_charcount                        0x00000000   Number         0  stubs.o ABSOLUTE
    _printf_d                                0x00000000   Number         0  stubs.o ABSOLUTE
    _printf_e                                0x00000000   Number         0  stubs.o ABSOLUTE
    _printf_f                                0x00000000   Number         0  stubs.o ABSOLUTE
    _printf_flags                            0x00000000   Number         0  stubs.o ABSOLUTE
    _printf_fp_dec                           0x00000000   Number         0  stubs.o ABSOLUTE
    _printf_fp_hex                           0x00000000   Number         0  stubs.o ABSOLUTE
    _printf_g                                0x00000000   Number         0  stubs.o ABSOLUTE
    _printf_i                                0x00000000   Number         0  stubs.o ABSOLUTE
    _printf_int_dec                          0x00000000   Number         0  stubs.o ABSOLUTE
    _printf_l                                0x00000000   Number         0  stubs.o ABSOLUTE
    _printf_lc                               0x00000000   Number         0  stubs.o ABSOLUTE
    _printf_ll                               0x00000000   Number         0  stubs.o ABSOLUTE
    _printf_lld                              0x00000000   Number         0  stubs.o ABSOLUTE
    _printf_lli                              0x00000000   Number         0  stubs.o ABSOLUTE
    _printf_llo                              0x00000000   Number         0  stubs.o ABSOLUTE
    _printf_llu                              0x00000000   Number         0  stubs.o ABSOLUTE
    _printf_llx                              0x00000000   Number         0  stubs.o ABSOLUTE
    _printf_longlong_dec                     0x00000000   Number         0  stubs.o ABSOLUTE
    _printf_longlong_hex                     0x00000000   Number         0  stubs.o ABSOLUTE
    _printf_longlong_oct                     0x00000000   Number         0  stubs.o ABSOLUTE
    _printf_ls                               0x00000000   Number         0  stubs.o ABSOLUTE
    _printf_mbtowc                           0x00000000   Number         0  stubs.o ABSOLUTE
    _printf_n                                0x00000000   Number         0  stubs.o ABSOLUTE
    _printf_o                                0x00000000   Number         0  stubs.o ABSOLUTE
    _printf_p                                0x00000000   Number         0  stubs.o ABSOLUTE
    _printf_percent                          0x00000000   Number         0  stubs.o ABSOLUTE
    _printf_pre_padding                      0x00000000   Number         0  stubs.o ABSOLUTE
    _printf_return_value                     0x00000000   Number         0  stubs.o ABSOLUTE
    _printf_s                                0x00000000   Number         0  stubs.o ABSOLUTE
    _printf_sizespec                         0x00000000   Number         0  stubs.o ABSOLUTE
    _printf_str                              0x00000000   Number         0  stubs.o ABSOLUTE
    _printf_truncate_signed                  0x00000000   Number         0  stubs.o ABSOLUTE
    _printf_truncate_unsigned                0x00000000   Number         0  stubs.o ABSOLUTE
    _printf_u                                0x00000000   Number         0  stubs.o ABSOLUTE
    _printf_wc                               0x00000000   Number         0  stubs.o ABSOLUTE
    _printf_wctomb                           0x00000000   Number         0  stubs.o ABSOLUTE
    _printf_widthprec                        0x00000000   Number         0  stubs.o ABSOLUTE
    _printf_x                                0x00000000   Number         0  stubs.o ABSOLUTE
    __cpp_initialize__aeabi_                  - Undefined Weak Reference
    __cxa_finalize                            - Undefined Weak Reference
    _clock_init                               - Undefined Weak Reference
    _microlib_exit                            - Undefined Weak Reference
    __Vectors_End                            0x0000026c   Data           0  startup_tm4c123.o(RESET)
    __Vectors_Size                           0x0000026c   Number         0  startup_tm4c123.o ABSOLUTE
    __main                                   0x0000026d   Thumb Code     0  entry.o(.ARM.Collect$$$$00000000)
    _main_stk                                0x0000026d   Thumb Code     0  entry2.o(.ARM.Collect$$$$00000001)
    _main_scatterload                        0x00000271   Thumb Code     0  entry5.o(.ARM.Collect$$$$00000004)
    __main_after_scatterload                 0x00000275   Thumb Code     0  entry5.o(.ARM.Collect$$$$00000004)
    _main_clock                              0x00000275   Thumb Code     0  entry7b.o(.ARM.Collect$$$$00000008)
    _main_cpp_init                           0x00000275   Thumb Code     0  entry8b.o(.ARM.Collect$$$$0000000A)
    _main_init                               0x00000275   Thumb Code     0  entry9a.o(.ARM.Collect$$$$0000000B)
    __rt_final_cpp                           0x0000027d   Thumb Code     0  entry10a.o(.ARM.Collect$$$$0000000D)
    __rt_final_exit                          0x0000027d   Thumb Code     0  entry11a.o(.ARM.Collect$$$$0000000F)
    DisableInterrupts                        0x00000281   Thumb Code     4  main.o(.text)
    EnableInterrupts                         0x00000285   Thumb Code     4  main.o(.text)
    main                                     0x00000289   Thumb Code   114  main.o(.text)
    init_hardware                            0x0000030d   Thumb Code   100  project_hardware_init.o(.text)
    ps2_get_direction                        0x00000389   Thumb Code    84  project_interrupts.o(.text)
    TIMER1A_Handler                          0x000003dd   Thumb Code    48  project_interrupts.o(.text)
    TIMER2A_Handler                          0x0000040d   Thumb Code    58  project_interrupts.o(.text)
    TIMER3A_Handler                          0x00000447   Thumb Code    76  project_interrupts.o(.text)
    TIMER4A_Handler                          0x00000493   Thumb Code    26  project_interrupts.o(.text)
    ADC0SS2_Handler                          0x000004ad   Thumb Code    50  project_interrupts.o(.text)
    GPIOF_Handler                            0x000004df   Thumb Code    20  project_interrupts.o(.text)
    print_welcome                            0x00000561   Thumb Code   442  project.o(.text)
    print_ready                              0x0000071b   Thumb Code   150  project.o(.text)
    print_countdown                          0x000007b1   Thumb Code   246  project.o(.text)
    print_high_score                         0x000008a7   Thumb Code   458  project.o(.text)
    print_cur_score                          0x00000a71   Thumb Code   332  project.o(.text)
    move_bear                                0x00000bbd   Thumb Code   130  project.o(.text)
    contact_edge_enemy                       0x00000c3f   Thumb Code    28  project.o(.text)
    move_enemy                               0x00000c5b   Thumb Code   232  project.o(.text)
    update_speed                             0x00000d43   Thumb Code    40  project.o(.text)
    recalculate_score                        0x00000d6b   Thumb Code   344  project.o(.text)
    draw_snow                                0x00000ec3   Thumb Code    24  project.o(.text)
    game_main                                0x00000edb   Thumb Code   210  project.o(.text)
    io_expander_read_reg                     0x00000ff1   Thumb Code    52  io_expander.o(.text)
    io_expander_write_reg                    0x00001025   Thumb Code    38  io_expander.o(.text)
    config_buttons                           0x0000104b   Thumb Code   174  io_expander.o(.text)
    io_expander_init                         0x000010f9   Thumb Code   156  io_expander.o(.text)
    io_expander_debounce                     0x00001195   Thumb Code    86  io_expander.o(.text)
    initialize_adc                           0x00001201   Thumb Code   108  adc.o(.text)
    get_adc_value                            0x0000126d   Thumb Code    58  adc.o(.text)
    gpio_get_irq_num                         0x000012f5   Thumb Code    74  gpio_port.o(.text)
    gpio_enable_port                         0x0000133f   Thumb Code   228  gpio_port.o(.text)
    gpio_config_digital_enable               0x00001423   Thumb Code    40  gpio_port.o(.text)
    gpio_config_enable_output                0x0000144b   Thumb Code    40  gpio_port.o(.text)
    gpio_config_enable_input                 0x00001473   Thumb Code    40  gpio_port.o(.text)
    gpio_config_enable_pullup                0x0000149b   Thumb Code    40  gpio_port.o(.text)
    gpio_config_enable_pulldown              0x000014c3   Thumb Code    40  gpio_port.o(.text)
    gpio_config_analog_enable                0x000014eb   Thumb Code    40  gpio_port.o(.text)
    gpio_config_alternate_function           0x00001513   Thumb Code    40  gpio_port.o(.text)
    gpio_config_port_control                 0x0000153b   Thumb Code    60  gpio_port.o(.text)
    gpio_config_open_drain                   0x00001577   Thumb Code    40  gpio_port.o(.text)
    gpio_config_falling_edge_irq             0x0000159f   Thumb Code    66  gpio_port.o(.text)
    initializeI2CMaster                      0x00001621   Thumb Code   160  i2c.o(.text)
    i2cVerifyBaseAddr                        0x000016c1   Thumb Code    36  i2c.o(.text)
    i2cSetSlaveAddr                          0x000016e5   Thumb Code    30  i2c.o(.text)
    i2cStop                                  0x00001703   Thumb Code    26  i2c.o(.text)
    I2CMasterBusy                            0x0000171d   Thumb Code    34  i2c.o(.text)
    I2CMasterAdrAck                          0x0000173f   Thumb Code    34  i2c.o(.text)
    I2CMasterDatAck                          0x00001761   Thumb Code    34  i2c.o(.text)
    i2cSendByte                              0x00001783   Thumb Code    82  i2c.o(.text)
    i2cGetByte                               0x000017d5   Thumb Code    60  i2c.o(.text)
    pc_buffer_init                           0x00001829   Thumb Code    26  pc_buffer.o(.text)
    pc_buffer_add                            0x00001843   Thumb Code    28  pc_buffer.o(.text)
    pc_buffer_remove                         0x0000185f   Thumb Code    30  pc_buffer.o(.text)
    pc_buffer_empty                          0x0000187d   Thumb Code    18  pc_buffer.o(.text)
    pc_buffer_full                           0x0000188f   Thumb Code    22  pc_buffer.o(.text)
    timer_get_irq_num                        0x000018e5   Thumb Code    74  timers.o(.text)
    gp_timer_wait                            0x00001999   Thumb Code    64  timers.o(.text)
    gp_timer_config_32                       0x000019d9   Thumb Code   244  timers.o(.text)
    verify_uart_base                         0x00001ae5   Thumb Code    54  uart.o(.text)
    uart_get_rcgc_mask                       0x00001b1b   Thumb Code    68  uart.o(.text)
    uart_get_pr_mask                         0x00001b5f   Thumb Code    68  uart.o(.text)
    uart_get_irq_num                         0x00001ba3   Thumb Code    68  uart.o(.text)
    uart_tx_poll                             0x00001be7   Thumb Code    38  uart.o(.text)
    uart_tx_poll_string                      0x00001c0d   Thumb Code    50  uart.o(.text)
    uart_rx_poll                             0x00001c3f   Thumb Code    70  uart.o(.text)
    uart_init                                0x00001c85   Thumb Code   202  uart.o(.text)
    eeprom_byte_write                        0x00001da5   Thumb Code   102  eeprom.o(.text)
    eeprom_byte_read                         0x00001e0b   Thumb Code   120  eeprom.o(.text)
    eeprom_init                              0x00001e83   Thumb Code   156  eeprom.o(.text)
    ft6x06_read_td_status                    0x00001f8d   Thumb Code    50  ft6x06.o(.text)
    ft6x06_read_x                            0x00001fbf   Thumb Code    68  ft6x06.o(.text)
    ft6x06_read_y                            0x00002003   Thumb Code    68  ft6x06.o(.text)
    ft6x06_init                              0x00002047   Thumb Code   156  ft6x06.o(.text)
    lp_io_set_pin                            0x000020e9   Thumb Code    18  launchpad_io.o(.text)
    lp_io_clear_pin                          0x000020fb   Thumb Code    18  launchpad_io.o(.text)
    lp_io_read_pin                           0x0000210d   Thumb Code    22  launchpad_io.o(.text)
    lp_io_init                               0x00002123   Thumb Code   114  launchpad_io.o(.text)
    delayms                                  0x000021ad   Thumb Code    26  lcd.o(.text)
    lcd_set_pos                              0x0000223b   Thumb Code    58  lcd.o(.text)
    lcd_clear_screen                         0x00002275   Thumb Code    52  lcd.o(.text)
    lcd_draw_box                             0x000022a9   Thumb Code   138  lcd.o(.text)
    lcd_draw_rectangle                       0x00002333   Thumb Code    82  lcd.o(.text)
    lcd_draw_rectangle_centered              0x00002385   Thumb Code   152  lcd.o(.text)
    lcd_draw_pixel                           0x0000241d   Thumb Code    28  lcd.o(.text)
    lcd_draw_char                            0x00002439   Thumb Code   556  lcd.o(.text)
    lcd_draw_image                           0x00002665   Thumb Code   242  lcd.o(.text)
    lcd_draw_color_image                     0x00002757   Thumb Code   142  lcd.o(.text)
    lcd_config_gpio                          0x000027e5   Thumb Code   190  lcd.o(.text)
    lcd_config_screen                        0x000028a3   Thumb Code   548  lcd.o(.text)
    lcd_draw_line                            0x00002ac7   Thumb Code   200  lcd.o(.text)
    lcd_draw_circle                          0x00002b8f   Thumb Code   356  lcd.o(.text)
    ps2_initialize                           0x00002d2f   Thumb Code    14  ps2.o(.text)
    ps2_get_x                                0x00002d3d   Thumb Code    16  ps2.o(.text)
    ps2_get_y                                0x00002d4d   Thumb Code    16  ps2.o(.text)
    init_serial_debug                        0x00002d65   Thumb Code    90  serial_debug.o(.text)
    serial_debug_rx                          0x00002dbf   Thumb Code    46  serial_debug.o(.text)
    serial_debug_tx                          0x00002ded   Thumb Code    82  serial_debug.o(.text)
    fputc                                    0x00002e3f   Thumb Code    66  serial_debug.o(.text)
    fgetc                                    0x00002e81   Thumb Code    50  serial_debug.o(.text)
    fgetcNB                                  0x00002eb3   Thumb Code    42  serial_debug.o(.text)
    UART0_Handler                            0x00002edd   Thumb Code   154  serial_debug.o(.text)
    Reset_Handler                            0x00002f91   Thumb Code     8  startup_tm4c123.o(.text)
    NMI_Handler                              0x00002f99   Thumb Code     2  startup_tm4c123.o(.text)
    HardFault_Handler                        0x00002f9b   Thumb Code     2  startup_tm4c123.o(.text)
    MemManage_Handler                        0x00002f9d   Thumb Code     2  startup_tm4c123.o(.text)
    BusFault_Handler                         0x00002f9f   Thumb Code     2  startup_tm4c123.o(.text)
    UsageFault_Handler                       0x00002fa1   Thumb Code     2  startup_tm4c123.o(.text)
    SVC_Handler                              0x00002fa3   Thumb Code     2  startup_tm4c123.o(.text)
    DebugMon_Handler                         0x00002fa5   Thumb Code     2  startup_tm4c123.o(.text)
    PendSV_Handler                           0x00002fa7   Thumb Code     2  startup_tm4c123.o(.text)
    SysTick_Handler                          0x00002fa9   Thumb Code     2  startup_tm4c123.o(.text)
    GPIOA_Handler                            0x00002fab   Thumb Code     2  startup_tm4c123.o(.text)
    GPIOB_Handler                            0x00002fad   Thumb Code     2  startup_tm4c123.o(.text)
    GPIOC_Handler                            0x00002faf   Thumb Code     2  startup_tm4c123.o(.text)
    GPIOD_Handler                            0x00002fb1   Thumb Code     2  startup_tm4c123.o(.text)
    GPIOE_Handler                            0x00002fb3   Thumb Code     2  startup_tm4c123.o(.text)
    UART1_Handler                            0x00002fb7   Thumb Code     2  startup_tm4c123.o(.text)
    SSI0_Handler                             0x00002fb9   Thumb Code     2  startup_tm4c123.o(.text)
    I2C0_Handler                             0x00002fbb   Thumb Code     2  startup_tm4c123.o(.text)
    PMW0_FAULT_Handler                       0x00002fbd   Thumb Code     2  startup_tm4c123.o(.text)
    PWM0_0_Handler                           0x00002fbf   Thumb Code     2  startup_tm4c123.o(.text)
    PWM0_1_Handler                           0x00002fc1   Thumb Code     2  startup_tm4c123.o(.text)
    PWM0_2_Handler                           0x00002fc3   Thumb Code     2  startup_tm4c123.o(.text)
    QEI0_Handler                             0x00002fc5   Thumb Code     2  startup_tm4c123.o(.text)
    ADC0SS0_Handler                          0x00002fc7   Thumb Code     2  startup_tm4c123.o(.text)
    ADC0SS1_Handler                          0x00002fc9   Thumb Code     2  startup_tm4c123.o(.text)
    ADC0SS3_Handler                          0x00002fcd   Thumb Code     2  startup_tm4c123.o(.text)
    WDT0_Handler                             0x00002fcf   Thumb Code     2  startup_tm4c123.o(.text)
    TIMER0A_Handler                          0x00002fd1   Thumb Code     2  startup_tm4c123.o(.text)
    TIMER0B_Handler                          0x00002fd3   Thumb Code     2  startup_tm4c123.o(.text)
    TIMER1B_Handler                          0x00002fd7   Thumb Code     2  startup_tm4c123.o(.text)
    TIMER2B_Handler                          0x00002fdb   Thumb Code     2  startup_tm4c123.o(.text)
    COMP0_Handler                            0x00002fdd   Thumb Code     2  startup_tm4c123.o(.text)
    COMP1_Handler                            0x00002fdf   Thumb Code     2  startup_tm4c123.o(.text)
    COMP2_Handler                            0x00002fe1   Thumb Code     2  startup_tm4c123.o(.text)
    SYSCTL_Handler                           0x00002fe3   Thumb Code     2  startup_tm4c123.o(.text)
    FLASH_Handler                            0x00002fe5   Thumb Code     2  startup_tm4c123.o(.text)
    GPIOG_Handler                            0x00002fe9   Thumb Code     2  startup_tm4c123.o(.text)
    GPIOH_Handler                            0x00002feb   Thumb Code     2  startup_tm4c123.o(.text)
    UART2_Handler                            0x00002fed   Thumb Code     2  startup_tm4c123.o(.text)
    SSI1_Handler                             0x00002fef   Thumb Code     2  startup_tm4c123.o(.text)
    TIMER3B_Handler                          0x00002ff3   Thumb Code     2  startup_tm4c123.o(.text)
    I2C1_Handler                             0x00002ff5   Thumb Code     2  startup_tm4c123.o(.text)
    QEI1_Handler                             0x00002ff7   Thumb Code     2  startup_tm4c123.o(.text)
    CAN0_Handler                             0x00002ff9   Thumb Code     2  startup_tm4c123.o(.text)
    CAN1_Handler                             0x00002ffb   Thumb Code     2  startup_tm4c123.o(.text)
    CAN2_Handler                             0x00002ffd   Thumb Code     2  startup_tm4c123.o(.text)
    HIB_Handler                              0x00002fff   Thumb Code     2  startup_tm4c123.o(.text)
    USB0_Handler                             0x00003001   Thumb Code     2  startup_tm4c123.o(.text)
    PWM0_3_Handler                           0x00003003   Thumb Code     2  startup_tm4c123.o(.text)
    UDMA_Handler                             0x00003005   Thumb Code     2  startup_tm4c123.o(.text)
    UDMAERR_Handler                          0x00003007   Thumb Code     2  startup_tm4c123.o(.text)
    ADC1SS0_Handler                          0x00003009   Thumb Code     2  startup_tm4c123.o(.text)
    ADC1SS1_Handler                          0x0000300b   Thumb Code     2  startup_tm4c123.o(.text)
    ADC1SS2_Handler                          0x0000300d   Thumb Code     2  startup_tm4c123.o(.text)
    ADC1SS3_Handler                          0x0000300f   Thumb Code     2  startup_tm4c123.o(.text)
    GPIOJ_Handler                            0x00003011   Thumb Code     2  startup_tm4c123.o(.text)
    GPIOK_Handler                            0x00003013   Thumb Code     2  startup_tm4c123.o(.text)
    GPIOL_Handler                            0x00003015   Thumb Code     2  startup_tm4c123.o(.text)
    SSI2_Handler                             0x00003017   Thumb Code     2  startup_tm4c123.o(.text)
    SSI3_Handler                             0x00003019   Thumb Code     2  startup_tm4c123.o(.text)
    UART3_Handler                            0x0000301b   Thumb Code     2  startup_tm4c123.o(.text)
    UART4_Handler                            0x0000301d   Thumb Code     2  startup_tm4c123.o(.text)
    UART5_Handler                            0x0000301f   Thumb Code     2  startup_tm4c123.o(.text)
    UART6_Handler                            0x00003021   Thumb Code     2  startup_tm4c123.o(.text)
    UART7_Handler                            0x00003023   Thumb Code     2  startup_tm4c123.o(.text)
    I2C2_Handler                             0x00003025   Thumb Code     2  startup_tm4c123.o(.text)
    I2C3_Handler                             0x00003027   Thumb Code     2  startup_tm4c123.o(.text)
    TIMER4B_Handler                          0x0000302b   Thumb Code     2  startup_tm4c123.o(.text)
    TIMER5A_Handler                          0x0000302d   Thumb Code     2  startup_tm4c123.o(.text)
    TIMER5B_Handler                          0x0000302f   Thumb Code     2  startup_tm4c123.o(.text)
    WTIMER0A_Handler                         0x00003031   Thumb Code     2  startup_tm4c123.o(.text)
    WTIMER0B_Handler                         0x00003033   Thumb Code     2  startup_tm4c123.o(.text)
    WTIMER1A_Handler                         0x00003035   Thumb Code     2  startup_tm4c123.o(.text)
    WTIMER1B_Handler                         0x00003037   Thumb Code     2  startup_tm4c123.o(.text)
    WTIMER2A_Handler                         0x00003039   Thumb Code     2  startup_tm4c123.o(.text)
    WTIMER2B_Handler                         0x0000303b   Thumb Code     2  startup_tm4c123.o(.text)
    WTIMER3A_Handler                         0x0000303d   Thumb Code     2  startup_tm4c123.o(.text)
    WTIMER3B_Handler                         0x0000303f   Thumb Code     2  startup_tm4c123.o(.text)
    WTIMER4A_Handler                         0x00003041   Thumb Code     2  startup_tm4c123.o(.text)
    WTIMER4B_Handler                         0x00003043   Thumb Code     2  startup_tm4c123.o(.text)
    WTIMER5A_Handler                         0x00003045   Thumb Code     2  startup_tm4c123.o(.text)
    WTIMER5B_Handler                         0x00003047   Thumb Code     2  startup_tm4c123.o(.text)
    FPU_Handler                              0x00003049   Thumb Code     2  startup_tm4c123.o(.text)
    I2C4_Handler                             0x0000304b   Thumb Code     2  startup_tm4c123.o(.text)
    I2C5_Handler                             0x0000304d   Thumb Code     2  startup_tm4c123.o(.text)
    GPIOM_Handler                            0x0000304f   Thumb Code     2  startup_tm4c123.o(.text)
    GPION_Handler                            0x00003051   Thumb Code     2  startup_tm4c123.o(.text)
    QEI2_Handler                             0x00003053   Thumb Code     2  startup_tm4c123.o(.text)
    GPIOP0_Handler                           0x00003055   Thumb Code     2  startup_tm4c123.o(.text)
    GPIOP1_Handler                           0x00003057   Thumb Code     2  startup_tm4c123.o(.text)
    GPIOP2_Handler                           0x00003059   Thumb Code     2  startup_tm4c123.o(.text)
    GPIOP3_Handler                           0x0000305b   Thumb Code     2  startup_tm4c123.o(.text)
    GPIOP4_Handler                           0x0000305d   Thumb Code     2  startup_tm4c123.o(.text)
    GPIOP5_Handler                           0x0000305f   Thumb Code     2  startup_tm4c123.o(.text)
    GPIOP6_Handler                           0x00003061   Thumb Code     2  startup_tm4c123.o(.text)
    GPIOP7_Handler                           0x00003063   Thumb Code     2  startup_tm4c123.o(.text)
    GPIOQ0_Handler                           0x00003065   Thumb Code     2  startup_tm4c123.o(.text)
    GPIOQ1_Handler                           0x00003067   Thumb Code     2  startup_tm4c123.o(.text)
    GPIOQ2_Handler                           0x00003069   Thumb Code     2  startup_tm4c123.o(.text)
    GPIOQ3_Handler                           0x0000306b   Thumb Code     2  startup_tm4c123.o(.text)
    GPIOQ4_Handler                           0x0000306d   Thumb Code     2  startup_tm4c123.o(.text)
    GPIOQ5_Handler                           0x0000306f   Thumb Code     2  startup_tm4c123.o(.text)
    GPIOQ6_Handler                           0x00003071   Thumb Code     2  startup_tm4c123.o(.text)
    GPIOQ7_Handler                           0x00003073   Thumb Code     2  startup_tm4c123.o(.text)
    GPIOR_Handler                            0x00003075   Thumb Code     2  startup_tm4c123.o(.text)
    GPIOS_Handler                            0x00003077   Thumb Code     2  startup_tm4c123.o(.text)
    PMW1_0_Handler                           0x00003079   Thumb Code     2  startup_tm4c123.o(.text)
    PWM1_1_Handler                           0x0000307b   Thumb Code     2  startup_tm4c123.o(.text)
    PWM1_2_Handler                           0x0000307d   Thumb Code     2  startup_tm4c123.o(.text)
    PWM1_3_Handler                           0x0000307f   Thumb Code     2  startup_tm4c123.o(.text)
    PWM1_FAULT_Handler                       0x00003081   Thumb Code     2  startup_tm4c123.o(.text)
    SystemCoreClockUpdate                    0x00003143   Thumb Code   184  system_tm4c123.o(.text)
    SystemInit                               0x000031fb   Thumb Code   112  system_tm4c123.o(.text)
    rand                                     0x000032dd   Thumb Code    20  rand.o(.text)
    srand                                    0x000032f1   Thumb Code     6  rand.o(.text)
    __aeabi_memcpy                           0x00003301   Thumb Code    36  memcpya.o(.text)
    __aeabi_memcpy4                          0x00003301   Thumb Code     0  memcpya.o(.text)
    __aeabi_memcpy8                          0x00003301   Thumb Code     0  memcpya.o(.text)
    strlen                                   0x00003325   Thumb Code    14  strlen.o(.text)
    __aeabi_dadd                             0x00003333   Thumb Code   322  dadd.o(.text)
    __aeabi_dsub                             0x00003475   Thumb Code     6  dadd.o(.text)
    __aeabi_drsub                            0x0000347b   Thumb Code     6  dadd.o(.text)
    __aeabi_ui2d                             0x00003481   Thumb Code    26  dfltui.o(.text)
    __aeabi_d2uiz                            0x0000349b   Thumb Code    50  dfixui.o(.text)
    __aeabi_uidiv                            0x000034cd   Thumb Code     0  uidiv.o(.text)
    __aeabi_uidivmod                         0x000034cd   Thumb Code    44  uidiv.o(.text)
    __aeabi_llsl                             0x000034f9   Thumb Code    30  llshl.o(.text)
    _ll_shift_l                              0x000034f9   Thumb Code     0  llshl.o(.text)
    __aeabi_llsr                             0x00003517   Thumb Code    32  llushr.o(.text)
    _ll_ushift_r                             0x00003517   Thumb Code     0  llushr.o(.text)
    __aeabi_lasr                             0x00003537   Thumb Code    36  llsshr.o(.text)
    _ll_sshift_r                             0x00003537   Thumb Code     0  llsshr.o(.text)
    __I$use$fp                               0x0000355b   Thumb Code     0  iusefp.o(.text)
    _double_round                            0x0000355b   Thumb Code    30  depilogue.o(.text)
    _double_epilogue                         0x00003579   Thumb Code   156  depilogue.o(.text)
    __scatterload                            0x00003615   Thumb Code    28  init.o(.text)
    __scatterload_rt2                        0x00003615   Thumb Code     0  init.o(.text)
    __decompress                             0x00003639   Thumb Code     0  __dczerorl2.o(.text)
    __decompress1                            0x00003639   Thumb Code    86  __dczerorl2.o(.text)
    __0printf$1                              0x00003691   Thumb Code    22  printf1.o(i.__0printf$1)
    __1printf$1                              0x00003691   Thumb Code     0  printf1.o(i.__0printf$1)
    __2printf                                0x00003691   Thumb Code     0  printf1.o(i.__0printf$1)
    __0snprintf$1                            0x000036b1   Thumb Code    44  printf1.o(i.__0snprintf$1)
    __1snprintf$1                            0x000036b1   Thumb Code     0  printf1.o(i.__0snprintf$1)
    __2snprintf                              0x000036b1   Thumb Code     0  printf1.o(i.__0snprintf$1)
    __scatterload_copy                       0x000036e1   Thumb Code    14  handlers.o(i.__scatterload_copy)
    __scatterload_null                       0x000036ef   Thumb Code     2  handlers.o(i.__scatterload_null)
    __scatterload_zeroinit                   0x000036f1   Thumb Code    14  handlers.o(i.__scatterload_zeroinit)
    free                                     0x0000386d   Thumb Code    76  malloc.o(i.free)
    malloc                                   0x000038bd   Thumb Code    92  malloc.o(i.malloc)
    lucidaCalligraphy_12ptBitmaps            0x00003928   Data        1060  project_images.o(.constdata)
    lucidaCalligraphy_12ptDescriptors        0x00003d4c   Data         356  project_images.o(.constdata)
    lucidaCalligraphy_12ptFontInfo           0x00003eb0   Data          12  project_images.o(.constdata)
    bearBitmaps                              0x00003ebc   Data        1000  project_images.o(.constdata)
    bearWidthPixels                          0x000042a4   Data           1  project_images.o(.constdata)
    bearHeightPixels                         0x000042a5   Data           1  project_images.o(.constdata)
    tahoma_28ptBitmaps                       0x000042a6   Data         616  project_images.o(.constdata)
    tahoma_28ptDescriptors                   0x0000450e   Data         228  project_images.o(.constdata)
    tahoma_28ptFontInfo                      0x000045f4   Data          12  project_images.o(.constdata)
    tahoma_48ptBitmaps                       0x00004600   Data         539  project_images.o(.constdata)
    tahoma_48ptDescriptors                   0x0000481c   Data          12  project_images.o(.constdata)
    tahoma_48ptFontInfo                      0x00004828   Data          12  project_images.o(.constdata)
    tahoma_16ptBitmaps                       0x00004834   Data         304  project_images.o(.constdata)
    tahoma_16ptDescriptors                   0x00004964   Data          40  project_images.o(.constdata)
    tahoma_16ptFontInfo                      0x0000498c   Data          12  project_images.o(.constdata)
    tahoma_10ptBitmaps                       0x00004998   Data          79  project_images.o(.constdata)
    tahoma_10ptDescriptors                   0x000049e8   Data         104  project_images.o(.constdata)
    tahoma_10ptFontInfo                      0x00004a50   Data          12  project_images.o(.constdata)
    Region$$Table$$Base                      0x00004ae8   Number         0  anon$$obj.o(Region$$Table)
    Region$$Table$$Limit                     0x00004b08   Number         0  anon$$obj.o(Region$$Table)
    CUR_SCORE                                0x20000000   Data           1  main.o(.data)
    BLINK_LAUNCHPAD_LED                      0x20000001   Data           1  main.o(.data)
    GAME_OVER                                0x20000002   Data           1  main.o(.data)
    GAME_RUNNING                             0x20000003   Data           1  main.o(.data)
    PS2_X_DATA                               0x20000004   Data           2  project_interrupts.o(.data)
    PS2_Y_DATA                               0x20000006   Data           2  project_interrupts.o(.data)
    PS2_DIR                                  0x20000008   Data           1  project_interrupts.o(.data)
    stumpBitmaps                             0x20000009   Data         351  project_images.o(.data)
    stumpWidthPixels                         0x20000168   Data           1  project_images.o(.data)
    stumpHeightPixels                        0x20000169   Data           1  project_images.o(.data)
    snowballBitmaps                          0x2000016a   Data         276  project_images.o(.data)
    snowballWidthPixels                      0x2000027e   Data           1  project_images.o(.data)
    snowballHeightPixels                     0x2000027f   Data           1  project_images.o(.data)
    BEAR_X_COORD                             0x20000280   Data           2  project.o(.data)
    BEAR_Y_COORD                             0x20000282   Data           2  project.o(.data)
    HIGH_SCORE                               0x20000284   Data           1  project.o(.data)
    ENEMY_X_COORD                            0x20000286   Data           2  project.o(.data)
    ENEMY_Y_COORD                            0x20000288   Data           2  project.o(.data)
    EnemyBitmaps                             0x2000028c   Data           4  project.o(.data)
    enemyWidthPixels                         0x20000290   Data           1  project.o(.data)
    enemyHeightPixels                        0x20000291   Data           1  project.o(.data)
    ENEMY_COLOR                              0x20000292   Data           2  project.o(.data)
    ALERT_BEAR                               0x20000294   Data           1  project.o(.data)
    ALERT_BUTTON                             0x20000295   Data           1  project.o(.data)
    ALERT_ENEMY                              0x20000296   Data           1  project.o(.data)
    ALERT_SPEED                              0x20000297   Data           1  project.o(.data)
    SCORE                                    0x20000298   Data           1  project.o(.data)
    JUMPING                                  0x20000299   Data           1  project.o(.data)
    ASCENDING                                0x2000029a   Data           1  project.o(.data)
    BUTTON_PRESSED                           0x2000029b   Data           1  project.o(.data)
    SPEED                                    0x2000029c   Data           1  project.o(.data)
    SystemCoreClock                          0x200002a0   Data           4  system_tm4c123.o(.data)
    __stdin                                  0x200002a4   Data           4  stdin.o(.data)
    __stdout                                 0x200002a8   Data           4  stdout.o(.data)
    __microlib_freelist                      0x200002b0   Data           4  mvars.o(.data)
    __microlib_freelist_initialised          0x200002b4   Data           4  mvars.o(.data)
    UART0_Tx_Buffer                          0x200002b8   Data          14  serial_debug.o(.bss)
    UART0_Rx_Buffer                          0x200002c6   Data          14  serial_debug.o(.bss)
    __heap_base                              0x200002d8   Data           0  startup_tm4c123.o(HEAP)
    __heap_limit                             0x200002d8   Data           0  startup_tm4c123.o(HEAP)
    __initial_sp                             0x200012d8   Data           0  startup_tm4c123.o(STACK)



==============================================================================

Memory Map of the image

  Image Entry point : 0x00002f91

  Load Region LR_1 (Base: 0x00000000, Size: 0x00004dc0, Max: 0xffffffff, ABSOLUTE, COMPRESSED[0x00004c58])

    Execution Region ER_RO (Exec base: 0x00000000, Load base: 0x00000000, Size: 0x00004b08, Max: 0xffffffff, ABSOLUTE)

    Exec Addr    Load Addr    Size         Type   Attr      Idx    E Section Name        Object

    0x00000000   0x00000000   0x0000026c   Data   RO          691    RESET               startup_tm4c123.o
    0x0000026c   0x0000026c   0x00000000   Code   RO          726  * .ARM.Collect$$$$00000000  mc_w.l(entry.o)
    0x0000026c   0x0000026c   0x00000004   Code   RO         1035    .ARM.Collect$$$$00000001  mc_w.l(entry2.o)
    0x00000270   0x00000270   0x00000004   Code   RO         1038    .ARM.Collect$$$$00000004  mc_w.l(entry5.o)
    0x00000274   0x00000274   0x00000000   Code   RO         1040    .ARM.Collect$$$$00000008  mc_w.l(entry7b.o)
    0x00000274   0x00000274   0x00000000   Code   RO         1042    .ARM.Collect$$$$0000000A  mc_w.l(entry8b.o)
    0x00000274   0x00000274   0x00000008   Code   RO         1043    .ARM.Collect$$$$0000000B  mc_w.l(entry9a.o)
    0x0000027c   0x0000027c   0x00000000   Code   RO         1045    .ARM.Collect$$$$0000000D  mc_w.l(entry10a.o)
    0x0000027c   0x0000027c   0x00000000   Code   RO         1047    .ARM.Collect$$$$0000000F  mc_w.l(entry11a.o)
    0x0000027c   0x0000027c   0x00000004   Code   RO         1036    .ARM.Collect$$$$00002712  mc_w.l(entry2.o)
    0x00000280   0x00000280   0x0000008c   Code   RO            4    .text               main.o
    0x0000030c   0x0000030c   0x0000007c   Code   RO          155    .text               project_hardware_init.o
    0x00000388   0x00000388   0x000001d8   Code   RO          187    .text               project_interrupts.o
    0x00000560   0x00000560   0x00000a90   Code   RO          235    .text               project.o
    0x00000ff0   0x00000ff0   0x00000210   Code   RO          274    .text               io_expander.o
    0x00001200   0x00001200   0x000000b4   Code   RO          316    .text               adc.o
    0x000012b4   0x000012b4   0x0000036c   Code   RO          340    .text               gpio_port.o
    0x00001620   0x00001620   0x00000208   Code   RO          364    .text               i2c.o
    0x00001828   0x00001828   0x0000007c   Code   RO          385    .text               pc_buffer.o
    0x000018a4   0x000018a4   0x00000240   Code   RO          430    .text               timers.o
    0x00001ae4   0x00001ae4   0x0000027c   Code   RO          454    .text               uart.o
    0x00001d60   0x00001d60   0x000001c4   Code   RO          508    .text               eeprom.o
    0x00001f24   0x00001f24   0x000001c4   Code   RO          532    .text               ft6x06.o
    0x000020e8   0x000020e8   0x000000c4   Code   RO          556    .text               launchpad_io.o
    0x000021ac   0x000021ac   0x00000b46   Code   RO          580    .text               lcd.o
    0x00002cf2   0x00002cf2   0x00000002   PAD
    0x00002cf4   0x00002cf4   0x00000070   Code   RO          604    .text               ps2.o
    0x00002d64   0x00002d64   0x0000022c   Code   RO          628    .text               serial_debug.o
    0x00002f90   0x00002f90   0x000000fc   Code   RO          692  * .text               startup_tm4c123.o
    0x0000308c   0x0000308c   0x00000250   Code   RO          699    .text               system_tm4c123.o
    0x000032dc   0x000032dc   0x00000024   Code   RO          731    .text               mc_w.l(rand.o)
    0x00003300   0x00003300   0x00000024   Code   RO          734    .text               mc_w.l(memcpya.o)
    0x00003324   0x00003324   0x0000000e   Code   RO          736    .text               mc_w.l(strlen.o)
    0x00003332   0x00003332   0x0000014e   Code   RO         1029    .text               mf_w.l(dadd.o)
    0x00003480   0x00003480   0x0000001a   Code   RO         1031    .text               mf_w.l(dfltui.o)
    0x0000349a   0x0000349a   0x00000032   Code   RO         1033    .text               mf_w.l(dfixui.o)
    0x000034cc   0x000034cc   0x0000002c   Code   RO         1049    .text               mc_w.l(uidiv.o)
    0x000034f8   0x000034f8   0x0000001e   Code   RO         1053    .text               mc_w.l(llshl.o)
    0x00003516   0x00003516   0x00000020   Code   RO         1055    .text               mc_w.l(llushr.o)
    0x00003536   0x00003536   0x00000024   Code   RO         1057    .text               mc_w.l(llsshr.o)
    0x0000355a   0x0000355a   0x00000000   Code   RO         1061    .text               mc_w.l(iusefp.o)
    0x0000355a   0x0000355a   0x000000ba   Code   RO         1062    .text               mf_w.l(depilogue.o)
    0x00003614   0x00003614   0x00000024   Code   RO         1072    .text               mc_w.l(init.o)
    0x00003638   0x00003638   0x00000056   Code   RO         1082    .text               mc_w.l(__dczerorl2.o)
    0x0000368e   0x0000368e   0x00000002   PAD
    0x00003690   0x00003690   0x00000020   Code   RO          785    i.__0printf$1       mc_w.l(printf1.o)
    0x000036b0   0x000036b0   0x00000030   Code   RO          786    i.__0snprintf$1     mc_w.l(printf1.o)
    0x000036e0   0x000036e0   0x0000000e   Code   RO         1076    i.__scatterload_copy  mc_w.l(handlers.o)
    0x000036ee   0x000036ee   0x00000002   Code   RO         1077    i.__scatterload_null  mc_w.l(handlers.o)
    0x000036f0   0x000036f0   0x0000000e   Code   RO         1078    i.__scatterload_zeroinit  mc_w.l(handlers.o)
    0x000036fe   0x000036fe   0x00000002   PAD
    0x00003700   0x00003700   0x00000154   Code   RO          792    i._printf_core      mc_w.l(printf1.o)
    0x00003854   0x00003854   0x00000016   Code   RO          793    i._snputc           mc_w.l(printf1.o)
    0x0000386a   0x0000386a   0x00000002   PAD
    0x0000386c   0x0000386c   0x00000050   Code   RO         1001    i.free              mc_w.l(malloc.o)
    0x000038bc   0x000038bc   0x0000006c   Code   RO         1002    i.malloc            mc_w.l(malloc.o)
    0x00003928   0x00003928   0x00001134   Data   RO          214    .constdata          project_images.o
    0x00004a5c   0x00004a5c   0x0000008c   Data   RO          236    .conststring        project.o
    0x00004ae8   0x00004ae8   0x00000020   Data   RO         1074    Region$$Table       anon$$obj.o


    Execution Region ER_RW (Exec base: 0x20000000, Load base: 0x00004b08, Size: 0x000002b8, Max: 0xffffffff, ABSOLUTE, COMPRESSED[0x00000150])

    Exec Addr    Load Addr    Size         Type   Attr      Idx    E Section Name        Object

    0x20000000   COMPRESSED   0x00000004   Data   RW            5    .data               main.o
    0x20000004   COMPRESSED   0x00000005   Data   RW          188    .data               project_interrupts.o
    0x20000009   COMPRESSED   0x00000277   Data   RW          215    .data               project_images.o
    0x20000280   COMPRESSED   0x0000001d   Data   RW          237    .data               project.o
    0x2000029d   COMPRESSED   0x00000002   Data   RW          630    .data               serial_debug.o
    0x2000029f   COMPRESSED   0x00000001   PAD
    0x200002a0   COMPRESSED   0x00000004   Data   RW          700    .data               system_tm4c123.o
    0x200002a4   COMPRESSED   0x00000004   Data   RW          729    .data               mc_w.l(stdin.o)
    0x200002a8   COMPRESSED   0x00000004   Data   RW          730    .data               mc_w.l(stdout.o)
    0x200002ac   COMPRESSED   0x00000004   Data   RW          732    .data               mc_w.l(rand.o)
    0x200002b0   COMPRESSED   0x00000004   Data   RW         1059    .data               mc_w.l(mvars.o)
    0x200002b4   COMPRESSED   0x00000004   Data   RW         1060    .data               mc_w.l(mvars.o)


    Execution Region ER_ZI (Exec base: 0x200002b8, Load base: 0x00004c58, Size: 0x00001020, Max: 0xffffffff, ABSOLUTE)

    Exec Addr    Load Addr    Size         Type   Attr      Idx    E Section Name        Object

    0x200002b8        -       0x0000001c   Zero   RW          629    .bss                serial_debug.o
    0x200002d4   0x00004c58   0x00000004   PAD
    0x200002d8        -       0x00000000   Zero   RW          690    HEAP                startup_tm4c123.o
    0x200002d8        -       0x00001000   Zero   RW          689    STACK               startup_tm4c123.o


==============================================================================

Image component sizes


      Code (inc. data)   RO Data    RW Data    ZI Data      Debug   Object Name

       180         14          0          0          0       1443   adc.o
       452          6          0          0          0       2109   eeprom.o
       452          6          0          0          0       2268   ft6x06.o
       876         64          0          0          0       5342   gpio_port.o
       520         24          0          0          0       3661   i2c.o
       528         22          0          0          0      32009   io_expander.o
       196         24          0          0          0       1798   launchpad_io.o
      2886         28          0          0          0       8212   lcd.o
       140         18          0          4          0      30555   main.o
       124          0          0          0          0       1991   pc_buffer.o
      2704        356        140         29          0       9124   project.o
       124         24          0          0          0        544   project_hardware_init.o
         0          0       4404        631          0       1963   project_images.o
       472        110          0          5          0       2686   project_interrupts.o
       112          8          0          0          0        937   ps2.o
       556         26          0          2         28       5825   serial_debug.o
       252         10        620          0       4096       5432   startup_tm4c123.o
       592        138          0          4          0       1541   system_tm4c123.o
       576         24          0          0          0       2765   timers.o
       636         50          0          0          0       3456   uart.o

    ----------------------------------------------------------------------
     12380        952       5196        676       4128     123661   Object Totals
         0          0         32          0          0          0   (incl. Generated)
         2          0          0          1          4          0   (incl. Padding)

    ----------------------------------------------------------------------

      Code (inc. data)   RO Data    RW Data    ZI Data      Debug   Library Member Name

        86          0          0          0          0          0   __dczerorl2.o
         0          0          0          0          0          0   entry.o
         0          0          0          0          0          0   entry10a.o
         0          0          0          0          0          0   entry11a.o
         8          4          0          0          0          0   entry2.o
         4          0          0          0          0          0   entry5.o
         0          0          0          0          0          0   entry7b.o
         0          0          0          0          0          0   entry8b.o
         8          4          0          0          0          0   entry9a.o
        30          0          0          0          0          0   handlers.o
        36          8          0          0          0         68   init.o
         0          0          0          0          0          0   iusefp.o
        30          0          0          0          0         68   llshl.o
        36          0          0          0          0         68   llsshr.o
        32          0          0          0          0         68   llushr.o
       188         20          0          0          0        160   malloc.o
        36          0          0          0          0         68   memcpya.o
         0          0          0          8          0          0   mvars.o
       442         18          0          0          0        336   printf1.o
        36         10          0          4          0        136   rand.o
         0          0          0          4          0          0   stdin.o
         0          0          0          4          0          0   stdout.o
        14          0          0          0          0         68   strlen.o
        44          0          0          0          0         80   uidiv.o
       334          0          0          0          0        148   dadd.o
       186          0          0          0          0        176   depilogue.o
        50          0          0          0          0         76   dfixui.o
        26          0          0          0          0         76   dfltui.o

    ----------------------------------------------------------------------
      1632         64          0         20          0       1596   Library Totals
         6          0          0          0          0          0   (incl. Padding)

    ----------------------------------------------------------------------

      Code (inc. data)   RO Data    RW Data    ZI Data      Debug   Library Name

      1030         64          0         20          0       1120   mc_w.l
       596          0          0          0          0        476   mf_w.l

    ----------------------------------------------------------------------
      1632         64          0         20          0       1596   Library Totals

    ----------------------------------------------------------------------

==============================================================================


      Code (inc. data)   RO Data    RW Data    ZI Data      Debug   

     14012       1016       5196        696       4128     122161   Grand Totals
     14012       1016       5196        336       4128     122161   ELF Image Totals (compressed)
     14012       1016       5196        336          0          0   ROM Totals

==============================================================================

    Total RO  Size (Code + RO Data)                19208 (  18.76kB)
    Total RW  Size (RW Data + ZI Data)              4824 (   4.71kB)
    Total ROM Size (Code + RO Data + RW Data)      19544 (  19.09kB)

==============================================================================

